Archive member included because of file (symbol)

./../Libraries/WiFi/TI/../BCDS_Customization/debug/libWifiLib_efm32_debug.a(netcfg.o)
                              C:/Users/Aidan.McCoy/Documents/git/CLabs/XDKPlugin/XdkApplicationTemplate/debug/objects/cdeXDKSensorMain.o (sl_NetCfgGet)
./../Libraries/WiFi/TI/../BCDS_Customization/debug/libWifiLib_efm32_debug.a(driver.o)
                              ./../Libraries/WiFi/TI/../BCDS_Customization/debug/libWifiLib_efm32_debug.a(netcfg.o) (g_bDeviceRestartIsRequired)
./../Libraries/WiFi/TI/../BCDS_Customization/debug/libWifiLib_efm32_debug.a(netapp.o)
                              ./../Libraries/WiFi/TI/../BCDS_Customization/debug/libWifiLib_efm32_debug.a(driver.o) (_sl_HandleAsync_DnsGetHostByService)
./../Libraries/WiFi/TI/../BCDS_Customization/debug/libWifiLib_efm32_debug.a(socket.o)
                              ./../Libraries/WiFi/TI/../BCDS_Customization/debug/libWifiLib_efm32_debug.a(driver.o) (_sl_HandleAsync_Connect)
./../Libraries/WiFi/TI/../BCDS_Customization/debug/libWifiLib_efm32_debug.a(device.o)
                              ./../Libraries/WiFi/TI/../BCDS_Customization/debug/libWifiLib_efm32_debug.a(driver.o) (_sl_HandleAsync_Stop)
./../Platform/Wlan/debug/libWlan_efm32_debug.a(NetworkConfig.o)
                              ./../Libraries/WiFi/TI/../BCDS_Customization/debug/libWifiLib_efm32_debug.a(driver.o) (NetworkConfig_SlNetAppEvtHdlr)
./../Platform/Wlan/debug/libWlan_efm32_debug.a(WlanConnect.o)
                              ./../Libraries/WiFi/TI/../BCDS_Customization/debug/libWifiLib_efm32_debug.a(driver.o) (WlanConnect_SlGeneralEventHdlr)
./../Platform/Wlan/debug/libWlan_efm32_debug.a(WlanDriver.o)
                              ./../Platform/Wlan/debug/libWlan_efm32_debug.a(WlanConnect.o) (WlanDriver_Init)
./../Libraries/ServalStack/BCDS_Customization/release/libServalStack_efm32.a(HttpContentBase.o)
                              C:/Users/Aidan.McCoy/Documents/git/CLabs/XDKPlugin/XdkApplicationTemplate/debug/objects/cdeXDKSensorMain.o (Http_Method_Get)
./../Libraries/ServalStack/BCDS_Customization/release/libServalStack_efm32.a(HttpClient.o)
                              C:/Users/Aidan.McCoy/Documents/git/CLabs/XDKPlugin/XdkApplicationTemplate/debug/objects/cdeXDKSensorMain.o (HttpClient_initialize)
./../Libraries/ServalStack/BCDS_Customization/release/libServalStack_efm32.a(HttpReceiver.o)
                              ./../Libraries/ServalStack/BCDS_Customization/release/libServalStack_efm32.a(HttpClient.o) (HttpReceiver_addCommBuf)
./../Libraries/ServalStack/BCDS_Customization/release/libServalStack_efm32.a(HttpOutMsgRecipes.o)
                              ./../Libraries/ServalStack/BCDS_Customization/release/libServalStack_efm32.a(HttpClient.o) (httpReqHeaderRecipe)
./../Libraries/ServalStack/BCDS_Customization/release/libServalStack_efm32.a(Defragmentor.o)
                              ./../Libraries/ServalStack/BCDS_Customization/release/libServalStack_efm32.a(HttpReceiver.o) (Defragmentor_prepare)
./../Libraries/ServalStack/BCDS_Customization/release/libServalStack_efm32.a(HttpMsg.o)
                              C:/Users/Aidan.McCoy/Documents/git/CLabs/XDKPlugin/XdkApplicationTemplate/debug/objects/cdeXDKSensorMain.o (HttpMsg_getContent)
./../Libraries/ServalStack/BCDS_Customization/release/libServalStack_efm32.a(MsgMonitor.o)
                              ./../Libraries/ServalStack/BCDS_Customization/release/libServalStack_efm32.a(HttpClient.o) (MsgMonitor_SetMsgGarbageControllable)
./../Libraries/ServalStack/BCDS_Customization/release/libServalStack_efm32.a(TLPMsg.o)
                              ./../Libraries/ServalStack/BCDS_Customization/release/libServalStack_efm32.a(HttpClient.o) (TLPMsg_setTLP)
./../Libraries/ServalStack/BCDS_Customization/release/libServalStack_efm32.a(MsgMonitorFlags.o)
                              ./../Libraries/ServalStack/BCDS_Customization/release/libServalStack_efm32.a(MsgMonitor.o) (msgMonitorFlags)
./../Libraries/ServalStack/BCDS_Customization/release/libServalStack_efm32.a(MsgPool.o)
                              ./../Libraries/ServalStack/BCDS_Customization/release/libServalStack_efm32.a(MsgMonitor.o) (allocFlags)
./../Libraries/ServalStack/BCDS_Customization/release/libServalStack_efm32.a(OutMsgFactory.o)
                              ./../Libraries/ServalStack/BCDS_Customization/release/libServalStack_efm32.a(HttpClient.o) (OutMsgFactory_open)
./../Libraries/ServalStack/BCDS_Customization/release/libServalStack_efm32.a(MsgPoolFlags.o)
                              ./../Libraries/ServalStack/BCDS_Customization/release/libServalStack_efm32.a(MsgPool.o) (msgPoolFlags)
./../Libraries/ServalStack/BCDS_Customization/release/libServalStack_efm32.a(Msg.o)
                              ./../Libraries/ServalStack/BCDS_Customization/release/libServalStack_efm32.a(MsgPool.o) (Msg_open)
./../Libraries/ServalStack/BCDS_Customization/release/libServalStack_efm32.a(MsgSender.o)
[...]
Memory Configuration

Name             Origin             Length             Attributes
FLASH            0x00010000         0x000f0000         xr
RAM              0x20000000         0x00020000         xrw
*default*        0x00000000         0xffffffff

Linker script and memory map

LOAD c:/xdk-workbench/armgcc/bin/../lib/gcc/arm-none-eabi/4.7.4/armv7-m/crti.o
LOAD c:/xdk-workbench/armgcc/bin/../lib/gcc/arm-none-eabi/4.7.4/armv7-m/crtbegin.o
LOAD c:/xdk-workbench/armgcc/bin/../lib/gcc/arm-none-eabi/4.7.4/../../../../arm-none-eabi/lib/armv7-m/crt0.o
LOAD C:/Users/Aidan.McCoy/Documents/git/CLabs/XDKPlugin/XdkApplicationTemplate/debug/objects/./../Platform/Utils/source/RSM_retargetStdioMessage/retargetio.o
LOAD C:/Users/Aidan.McCoy/Documents/git/CLabs/XDKPlugin/XdkApplicationTemplate/debug/objects/./../Libraries/EMlib/EMLib/usb/src/em_usbdint.o
LOAD C:/Users/Aidan.McCoy/Documents/git/CLabs/XDKPlugin/XdkApplicationTemplate/debug/objects/main.o
LOAD C:/Users/Aidan.McCoy/Documents/git/CLabs/XDKPlugin/XdkApplicationTemplate/debug/objects/cdeXDKSensorMain.o
LOAD C:/Users/Aidan.McCoy/Documents/git/CLabs/XDKPlugin/XdkApplicationTemplate/debug/objects/startup_efm32gg.o
START GROUP
LOAD ./../Platform/SensorToolbox/release/libSensorToolbox.a
LOAD ./../Libraries/WiFi/TI/../BCDS_Customization/debug/libWifiLib_efm32_debug.a
LOAD ./../Platform/Wlan/debug/libWlan_efm32_debug.a
LOAD ./../Libraries/ServalStack/BCDS_Customization/release/libServalStack_efm32.a
LOAD ./../Platform/ServalPAL_WiFi/release/libServalPalWifi_efm32.a
LOAD ./../Platform/MiscDrivers/debug/libMiscDrivers_efm32_debug.a
LOAD ./../Platform/BLE/debug/libBLE_efm32_debug.a
LOAD ./../Platform/Sensors/debug/libSensors_efm32_debug.a
LOAD ./../Platform/SensorUtils/debug/libSensorUtils_efm32_debug.a
LOAD ./../Libraries/FreeRTOS/FreeRTOS/../BCDS_Customization/debug/libFreeRTOS_efm32_debug.a
LOAD ./../Platform/Peripherals/debug/libPeripherals_efm32_debug.a
LOAD ./../Libraries/EMlib/EMLib/../BCDS_Customization/debug/libEMLib_efm32_debug.a
LOAD ./../Libraries/BSTLib/BST_Github/../BCDS_Customization/debug/libBSTLib_efm32_debug.a
LOAD ../Common/debug/XDKCommon_efm32_debug.a
LOAD ./../Platform/Utils/debug/libUtils_efm32_debug.a
LOAD ./../Platform/Basics/debug/libBasics_efm32_debug.a
LOAD ./../Platform/SensorDrivers/debug/libSensorDrivers_efm32_debug.a
LOAD ./../Platform/Power/debug/libPOWER_efm32_debug.a
LOAD ./../Platform/SensorDrivers/debug/libSensorDrivers_efm32_debug.a
LOAD ./../Libraries/FATfs/BCDS_Customization/debug/libFATfs_efm32_debug.a
LOAD ./../Platform/FOTA/debug/libFOTA_efm32_debug.a
LOAD ./../Libraries/Escrypt_CycurTLS/CycurTLS/src/cycurlib/../../../BCDS_Customization/release/libCYCURTLS_efm32.a
LOAD ./../Libraries/BLEStack/Alpwise/Core_Stack/Libraries/BLESW_CoreStack_CM3.a
LOAD ./../Libraries/BLEStack/Alpwise/Service/Data_Exchange_Service/Libraries/BLESW_ALPWDEP_Server_CM3.a
LOAD ./../Libraries/BLEStack/Alpwise/Core_Stack/Libraries/BLESW_ALPWDES_CM3.a
LOAD ./../Libraries/BLEStack/Alpwise/Service/BLESW_AlertNotification/Libraries/BLESW_ANP_Server_CM3.a
LOAD ./../Libraries/BLEStack/Alpwise/Core_Stack/Libraries/BLESW_ANS_CM3.a
LOAD ./../Libraries/BLEStack/Alpwise/Service/BLESW_BloodPressure/Libraries/BLESW_BLP_Sensor_CM3.a
LOAD ./../Libraries/BLEStack/Alpwise/Core_Stack/Libraries/BLESW_BLS_CM3.a
LOAD ./../Libraries/BLEStack/Alpwise/Service/BLESW_CyclingPower/Libraries/BLESW_CPP_Sensor_CM3.a
LOAD ./../Libraries/BLEStack/Alpwise/Core_Stack/Libraries/BLESW_CPS_CM3.a
LOAD ./../Libraries/BLEStack/Alpwise/Service/BLESW_CyclingSpeedAndCadence/Libraries/BLESW_CSCP_Sensor_CM3.a
LOAD ./../Libraries/BLEStack/Alpwise/Core_Stack/Libraries/BLESW_CSCS_CM3.a
LOAD ./../Libraries/BLEStack/Alpwise/Service/BLESW_Glucose/Libraries/BLESW_GLP_Sensor_CM3.a
LOAD ./../Libraries/BLEStack/Alpwise/Core_Stack/Libraries/BLESW_GLS_CM3.a
LOAD ./../Libraries/BLEStack/Alpwise/Service/BLESW_HealthThermometer/Libraries/BLESW_HTP_Thermometer_CM3.a
LOAD ./../Libraries/BLEStack/Alpwise/Core_Stack/Libraries/BLESW_HTS_CM3.a
LOAD ./../Libraries/BLEStack/Alpwise/Service/BLESW_HeartRate/Libraries/BLESW_HRP_Sensor_CM3.a
LOAD ./../Libraries/BLEStack/Alpwise/Core_Stack/Libraries/BLESW_HRS_CM3.a
LOAD ./../Libraries/BLEStack/Alpwise/Service/BLESW_HumanInterfaceDevice/Libraries/BLESW_HID_Host_CM3.a
LOAD ./../Libraries/BLEStack/Alpwise/Core_Stack/Libraries/BLESW_HIDS_CM3.a
LOAD ./../Libraries/BLEStack/Alpwise/Service/BLESW_LocationAndNavigation/Libraries/BLESW_LNP_Sensor_CM3.a
LOAD ./../Libraries/BLEStack/Alpwise/Core_Stack/Libraries/BLESW_LNS_CM3.a
LOAD ./../Libraries/BLEStack/Alpwise/Service/BLESW_NetworkAvailability/Libraries/BLESW_NWAP_Reporter_CM3.a
LOAD ./../Libraries/BLEStack/Alpwise/Core_Stack/Libraries/BLESW_NWAS_CM3.a
LOAD ./../Libraries/BLEStack/Alpwise/Service/BLESW_PhoneAlertStatus/Libraries/BLESW_PASP_Server_CM3.a
LOAD ./../Libraries/BLEStack/Alpwise/Core_Stack/Libraries/BLESW_PASS_CM3.a
LOAD ./../Libraries/BLEStack/Alpwise/Service/BLESW_RunningSpeedAndCadence/Libraries/BLESW_RSCP_Sensor_CM3.a
LOAD ./../Libraries/BLEStack/Alpwise/Core_Stack/Libraries/BLESW_RSCS_CM3.a
LOAD ./../Libraries/EMlib/EMLib/CMSIS/Lib/GCC/libarm_cortexM3l_math.a
END GROUP
START GROUP
LOAD c:/xdk-workbench/armgcc/bin/../lib/gcc/arm-none-eabi/4.7.4/armv7-m\libgcc.a
LOAD c:/xdk-workbench/armgcc/bin/../lib/gcc/arm-none-eabi/4.7.4/../../../../arm-none-eabi/lib/armv7-m\libc.a
LOAD c:/xdk-workbench/armgcc/bin/../lib/gcc/arm-none-eabi/4.7.4/../../../../arm-none-eabi/lib/armv7-m\libm.a
END GROUP
START GROUP
LOAD c:/xdk-workbench/armgcc/bin/../lib/gcc/arm-none-eabi/4.7.4/armv7-m\libgcc.a
LOAD c:/xdk-workbench/armgcc/bin/../lib/gcc/arm-none-eabi/4.7.4/../../../../arm-none-eabi/lib/armv7-m\libc.a
END GROUP
LOAD c:/xdk-workbench/armgcc/bin/../lib/gcc/arm-none-eabi/4.7.4/armv7-m/crtend.o
LOAD c:/xdk-workbench/armgcc/bin/../lib/gcc/arm-none-eabi/4.7.4/armv7-m/crtn.o

.text           0x00010000    0x2eff4
 *(.isr_vector)
 .isr_vector    0x00010000      0x100 C:/Users/Aidan.McCoy/Documents/git/CLabs/XDKPlugin/XdkApplicationTemplate/debug/objects/startup_efm32gg.o
                0x00010000                __isr_vector
 *(.text*)
 .text          0x00010100       0x54 c:/xdk-workbench/armgcc/bin/../lib/gcc/arm-none-eabi/4.7.4/armv7-m/crtbegin.o
 .text          0x00010154       0x70 c:/xdk-workbench/armgcc/bin/../lib/gcc/arm-none-eabi/4.7.4/../../../../arm-none-eabi/lib/armv7-m/crt0.o
                0x00010154                _start
                0x00010154                _mainCRTStartup
                0x00010154                start
 .text._close   0x000101c4       0x18 C:/Users/Aidan.McCoy/Documents/git/CLabs/XDKPlugin/XdkApplicationTemplate/debug/objects/./../Platform/Utils/source/RSM_retargetStdioMessage/retargetio.o
                0x000101c4                _close
 .text._exit    0x000101dc        0xc C:/Users/Aidan.McCoy/Documents/git/CLabs/XDKPlugin/XdkApplicationTemplate/debug/objects/./../Platform/Utils/source/RSM_retargetStdioMessage/retargetio.o
                0x000101dc                _exit
 .text._fstat   0x000101e8       0x24 C:/Users/Aidan.McCoy/Documents/git/CLabs/XDKPlugin/XdkApplicationTemplate/debug/objects/./../Platform/Utils/source/RSM_retargetStdioMessage/retargetio.o
                0x000101e8                _fstat
 .text._isatty  0x0001020c       0x18 C:/Users/Aidan.McCoy/Documents/git/CLabs/XDKPlugin/XdkApplicationTemplate/debug/objects/./../Platform/Utils/source/RSM_retargetStdioMessage/retargetio.o
                0x0001020c                _isatty
 .text._lseek   0x00010224       0x1c C:/Users/Aidan.McCoy/Documents/git/CLabs/XDKPlugin/XdkApplicationTemplate/debug/objects/./../Platform/Utils/source/RSM_retargetStdioMessage/retargetio.o
                0x00010224                _lseek
 .text._read    0x00010240       0x70 C:/Users/Aidan.McCoy/Documents/git/CLabs/XDKPlugin/XdkApplicationTemplate/debug/objects/./../Platform/Utils/source/RSM_retargetStdioMessage/retargetio.o
                0x00010240                _read
 .text._sbrk    0x000102b0       0xa0 C:/Users/Aidan.McCoy/Documents/git/CLabs/XDKPlugin/XdkApplicationTemplate/debug/objects/./../Platform/Utils/source/RSM_retargetStdioMessage/retargetio.o
                0x000102b0                _sbrk
 .text._write   0x00010350       0x20 C:/Users/Aidan.McCoy/Documents/git/CLabs/XDKPlugin/XdkApplicationTemplate/debug/objects/./../Platform/Utils/source/RSM_retargetStdioMessage/retargetio.o
                0x00010350                _write
 .text.INT_Disable
                0x00010370       0x40 C:/Users/Aidan.McCoy/Documents/git/CLabs/XDKPlugin/XdkApplicationTemplate/debug/objects/./../Libraries/EMlib/EMLib/usb/src/em_usbdint.o
 .text.INT_Enable
                0x000103b0       0x54 C:/Users/Aidan.McCoy/Documents/git/CLabs/XDKPlugin/XdkApplicationTemplate/debug/objects/./../Libraries/EMlib/EMLib/usb/src/em_usbdint.o
 .text.USBHAL_FlushTxFifo
                0x00010404       0x4c C:/Users/Aidan.McCoy/Documents/git/CLabs/XDKPlugin/XdkApplicationTemplate/debug/objects/./../Libraries/EMlib/EMLib/usb/src/em_usbdint.o
 .text.USBHAL_GetCoreInts
                0x00010450       0x40 C:/Users/Aidan.McCoy/Documents/git/CLabs/XDKPlugin/XdkApplicationTemplate/debug/objects/./../Libraries/EMlib/EMLib/usb/src/em_usbdint.o
 .text.USBDHAL_EnableInts
                0x00010490       0x70 C:/Users/Aidan.McCoy/Documents/git/CLabs/XDKPlugin/XdkApplicationTemplate/debug/objects/./../Libraries/EMlib/EMLib/usb/src/em_usbdint.o
 .text.USBDHAL_Ep0Activate
                0x00010500       0x70 C:/Users/Aidan.McCoy/Documents/git/CLabs/XDKPlugin/XdkApplicationTemplate/debug/objects/./../Libraries/EMlib/EMLib/usb/src/em_usbdint.o
 .text.USBDHAL_GetAllInEpInts
                0x00010570       0x48 C:/Users/Aidan.McCoy/Documents/git/CLabs/XDKPlugin/XdkApplicationTemplate/debug/objects/./../Libraries/EMlib/EMLib/usb/src/em_usbdint.o
 .text.USBDHAL_GetAllOutEpInts
                0x000105b8       0x44 C:/Users/Aidan.McCoy/Documents/git/CLabs/XDKPlugin/XdkApplicationTemplate/debug/objects/./../Libraries/EMlib/EMLib/usb/src/em_usbdint.o
 .text.USBDHAL_GetInEpInts
                0x000105fc       0x44 C:/Users/Aidan.McCoy/Documents/git/CLabs/XDKPlugin/XdkApplicationTemplate/debug/objects/./../Libraries/EMlib/EMLib/usb/src/em_usbdint.o
 .text.USBDHAL_GetOutEpInts
                0x00010640       0x44 C:/Users/Aidan.McCoy/Documents/git/CLabs/XDKPlugin/XdkApplicationTemplate/debug/objects/./../Libraries/EMlib/EMLib/usb/src/em_usbdint.o
 .text.USBDHAL_StartEp0Setup
                0x00010684       0x88 C:/Users/Aidan.McCoy/Documents/git/CLabs/XDKPlugin/XdkApplicationTemplate/debug/objects/./../Libraries/EMlib/EMLib/usb/src/em_usbdint.o
 .text.USBD_GetEpFromAddr
                0x0001070c       0xa0 C:/Users/Aidan.McCoy/Documents/git/CLabs/XDKPlugin/XdkApplicationTemplate/debug/objects/./../Libraries/EMlib/EMLib/usb/src/em_usbdint.o
 .text.USB_IRQHandler
                0x000107ac      0x16c C:/Users/Aidan.McCoy/Documents/git/CLabs/XDKPlugin/XdkApplicationTemplate/debug/objects/./../Libraries/EMlib/EMLib/usb/src/em_usbdint.o
                0x000107ac                USB_IRQHandler
 .text.Handle_USB_GINTSTS_ENUMDONE
                0x00010918       0x3c C:/Users/Aidan.McCoy/Documents/git/CLabs/XDKPlugin/XdkApplicationTemplate/debug/objects/./../Libraries/EMlib/EMLib/usb/src/em_usbdint.o
 .text.Handle_USB_GINTSTS_IEPINT
                0x00010954      0x118 C:/Users/Aidan.McCoy/Documents/git/CLabs/XDKPlugin/XdkApplicationTemplate/debug/objects/./../Libraries/EMlib/EMLib/usb/src/em_usbdint.o
 .text.Handle_USB_GINTSTS_OEPINT
                0x00010a6c      0x230 C:/Users/Aidan.McCoy/Documents/git/CLabs/XDKPlugin/XdkApplicationTemplate/debug/objects/./../Libraries/EMlib/EMLib/usb/src/em_usbdint.o
 .text.Handle_USB_GINTSTS_RESETDET
                0x00010c9c       0x40 C:/Users/Aidan.McCoy/Documents/git/CLabs/XDKPlugin/XdkApplicationTemplate/debug/objects/./../Libraries/EMlib/EMLib/usb/src/em_usbdint.o
 .text.Handle_USB_GINTSTS_SOF
                0x00010cdc       0x64 C:/Users/Aidan.McCoy/Documents/git/CLabs/XDKPlugin/XdkApplicationTemplate/debug/objects/./../Libraries/EMlib/EMLib/usb/src/em_usbdint.o
 .text.Handle_USB_GINTSTS_USBRST
                0x00010d40      0x150 C:/Users/Aidan.McCoy/Documents/git/CLabs/XDKPlugin/XdkApplicationTemplate/debug/objects/./../Libraries/EMlib/EMLib/usb/src/em_usbdint.o
 .text.Handle_USB_GINTSTS_USBSUSP
                0x00010e90       0x68 C:/Users/Aidan.McCoy/Documents/git/CLabs/XDKPlugin/XdkApplicationTemplate/debug/objects/./../Libraries/EMlib/EMLib/usb/src/em_usbdint.o
 .text.Handle_USB_GINTSTS_WKUPINT
                0x00010ef8       0x30 C:/Users/Aidan.McCoy/Documents/git/CLabs/XDKPlugin/XdkApplicationTemplate/debug/objects/./../Libraries/EMlib/EMLib/usb/src/em_usbdint.o
 .text.main     0x00010f28       0x10 C:/Users/Aidan.McCoy/Documents/git/CLabs/XDKPlugin/XdkApplicationTemplate/debug/objects/main.o
                0x00010f28                main
 .text.Callable_assign
                0x00010f38       0x20 C:/Users/Aidan.McCoy/Documents/git/CLabs/XDKPlugin/XdkApplicationTemplate/debug/objects/cdeXDKSensorMain.o
 .text.getCdeArrayIndex
                0x00010f58       0x50 C:/Users/Aidan.McCoy/Documents/git/CLabs/XDKPlugin/XdkApplicationTemplate/debug/objects/cdeXDKSensorMain.o
                0x00010f58                getCdeArrayIndex
 .text.cdeUnscrambleToInt
                0x00010fa8       0xb4 C:/Users/Aidan.McCoy/Documents/git/CLabs/XDKPlugin/XdkApplicationTemplate/debug/objects/cdeXDKSensorMain.o
                0x00010fa8                cdeUnscrambleToInt
 .text.cdeUnscramblePassword
                0x0001105c      0x1d8 C:/Users/Aidan.McCoy/Documents/git/CLabs/XDKPlugin/XdkApplicationTemplate/debug/objects/cdeXDKSensorMain.o
                0x0001105c                cdeUnscramblePassword
 .text.LED_setStateCM
                0x00011234       0x20 C:/Users/Aidan.McCoy/Documents/git/CLabs/XDKPlugin/XdkApplicationTemplate/debug/objects/cdeXDKSensorMain.o
 .text.httpClientResponseCallback
                0x00011254      0x1c0 C:/Users/Aidan.McCoy/Documents/git/CLabs/XDKPlugin/XdkApplicationTemplate/debug/objects/cdeXDKSensorMain.o
 .text.callbackOnSent
                0x00011414       0x98 C:/Users/Aidan.McCoy/Documents/git/CLabs/XDKPlugin/XdkApplicationTemplate/debug/objects/cdeXDKSensorMain.o
 .text.HttpSendString
                0x000114ac      0x160 C:/Users/Aidan.McCoy/Documents/git/CLabs/XDKPlugin/XdkApplicationTemplate/debug/objects/cdeXDKSensorMain.o
 .text.connectServer
                0x0001160c      0x2ac C:/Users/Aidan.McCoy/Documents/git/CLabs/XDKPlugin/XdkApplicationTemplate/debug/objects/cdeXDKSensorMain.o
                0x0001160c                connectServer
 .text.StartNetwork
                0x000118b8      0x2a4 C:/Users/Aidan.McCoy/Documents/git/CLabs/XDKPlugin/XdkApplicationTemplate/debug/objects/cdeXDKSensorMain.o
                0x000118b8                StartNetwork
 .text.myDhcpIpCallbackFunc
                0x00011b5c       0x24 C:/Users/Aidan.McCoy/Documents/git/CLabs/XDKPlugin/XdkApplicationTemplate/debug/objects/cdeXDKSensorMain.o
                0x00011b5c                myDhcpIpCallbackFunc
 .text.wlanConnect
                0x00011b80      0x28c C:/Users/Aidan.McCoy/Documents/git/CLabs/XDKPlugin/XdkApplicationTemplate/debug/objects/cdeXDKSensorMain.o
 .text.ScanWIFI
                0x00011e0c      0x1d0 C:/Users/Aidan.McCoy/Documents/git/CLabs/XDKPlugin/XdkApplicationTemplate/debug/objects/cdeXDKSensorMain.o
                0x00011e0c                ScanWIFI
 .text.ledAndButtonInit
                0x00011fdc       0x74 C:/Users/Aidan.McCoy/Documents/git/CLabs/XDKPlugin/XdkApplicationTemplate/debug/objects/cdeXDKSensorMain.o
                0x00011fdc                ledAndButtonInit
 .text.init     0x00012050       0xa8 C:/Users/Aidan.McCoy/Documents/git/CLabs/XDKPlugin/XdkApplicationTemplate/debug/objects/cdeXDKSensorMain.o
                0x00012050                init
 .text.StartFixedNetwork
                0x000120f8       0xac C:/Users/Aidan.McCoy/Documents/git/CLabs/XDKPlugin/XdkApplicationTemplate/debug/objects/cdeXDKSensorMain.o
 .text.StartAutoNetwork
                0x000121a4       0x30 C:/Users/Aidan.McCoy/Documents/git/CLabs/XDKPlugin/XdkApplicationTemplate/debug/objects/cdeXDKSensorMain.o
 .text.StartNetworkOnTimer
                0x000121d4       0x28 C:/Users/Aidan.McCoy/Documents/git/CLabs/XDKPlugin/XdkApplicationTemplate/debug/objects/cdeXDKSensorMain.o
 .text.callback
                0x000121fc       0xf4 C:/Users/Aidan.McCoy/Documents/git/CLabs/XDKPlugin/XdkApplicationTemplate/debug/objects/cdeXDKSensorMain.o
 .text.createLed
                0x000122f0       0xa8 C:/Users/Aidan.McCoy/Documents/git/CLabs/XDKPlugin/XdkApplicationTemplate/debug/objects/cdeXDKSensorMain.o
 .text.createButton
                0x00012398       0x7c C:/Users/Aidan.McCoy/Documents/git/CLabs/XDKPlugin/XdkApplicationTemplate/debug/objects/cdeXDKSensorMain.o
 .text.enableButton
                0x00012414       0x58 C:/Users/Aidan.McCoy/Documents/git/CLabs/XDKPlugin/XdkApplicationTemplate/debug/objects/cdeXDKSensorMain.o
 .text.setButtonCallback
                0x0001246c       0x70 C:/Users/Aidan.McCoy/Documents/git/CLabs/XDKPlugin/XdkApplicationTemplate/debug/objects/cdeXDKSensorMain.o
 .text.appInitSystem
                0x000124dc       0x3c C:/Users/Aidan.McCoy/Documents/git/CLabs/XDKPlugin/XdkApplicationTemplate/debug/objects/cdeXDKSensorMain.o
                0x000124dc                appInitSystem
 .text          0x00012518       0x98 C:/Users/Aidan.McCoy/Documents/git/CLabs/XDKPlugin/XdkApplicationTemplate/debug/objects/startup_efm32gg.o
                0x00012518                Reset_Handler
                0x0001254c                Default_Handler
                0x0001254e                NMI_Handler
                0x00012550                HardFault_Handler
                0x00012552                MemManage_Handler
                0x00012554                BusFault_Handler
                0x00012556                UsageFault_Handler
                0x0001255a                DebugMon_Handler
                0x0001255e                SysTick_Handler
                0x0001256a                ACMP0_IRQHandler
                0x0001256e                ADC0_IRQHandler
                0x00012570                DAC0_IRQHandler
                0x0001257a                TIMER2_IRQHandler
                0x0001257c                TIMER3_IRQHandler
                0x00012582                LESENSE_IRQHandler
                0x00012594                LETIMER0_IRQHandler
                0x00012596                PCNT0_IRQHandler
                0x00012598                PCNT1_IRQHandler
                0x0001259a                PCNT2_IRQHandler
                0x0001259e                BURTC_IRQHandler
                0x000125a2                VCMP_IRQHandler
                0x000125a4                LCD_IRQHandler
                0x000125a6                MSC_IRQHandler
                0x000125a8                AES_IRQHandler
                0x000125aa                EBI_IRQHandler
                0x000125ac                EMU_IRQHandler
 .text.sl_NetCfgSet
                0x000125b0       0x94 ./../Libraries/WiFi/TI/../BCDS_Customization/debug/libWifiLib_efm32_debug.a(netcfg.o)
                0x000125b0                sl_NetCfgSet
 .text.sl_NetCfgGet
                0x00012644       0xd8 ./../Libraries/WiFi/TI/../BCDS_Customization/debug/libWifiLib_efm32_debug.a(netcfg.o)
                0x00012644                sl_NetCfgGet
 .text._SlDrvProtectAsyncRespSetting
                0x0001271c       0x5c ./../Libraries/WiFi/TI/../BCDS_Customization/debug/libWifiLib_efm32_debug.a(driver.o)
                0x0001271c                _SlDrvProtectAsyncRespSetting
 .text._SlDrvDriverCBInit
                0x00012778      0x25c ./../Libraries/WiFi/TI/../BCDS_Customization/debug/libWifiLib_efm32_debug.a(driver.o)
                0x00012778                _SlDrvDriverCBInit
 .text._SlDrvDriverCBDeinit
                0x000129d4      0x190 ./../Libraries/WiFi/TI/../BCDS_Customization/debug/libWifiLib_efm32_debug.a(driver.o)
                0x000129d4                _SlDrvDriverCBDeinit
 .text._SlDrvRxIrqHandler
                0x00012b64       0x84 ./../Libraries/WiFi/TI/../BCDS_Customization/debug/libWifiLib_efm32_debug.a(driver.o)
                0x00012b64                _SlDrvRxIrqHandler
 .text._SlDrvCmdOp
                0x00012be8       0xe4 ./../Libraries/WiFi/TI/../BCDS_Customization/debug/libWifiLib_efm32_debug.a(driver.o)
                0x00012be8                _SlDrvCmdOp
 .text._SlDrvDataReadOp
                0x00012ccc      0x270 ./../Libraries/WiFi/TI/../BCDS_Customization/debug/libWifiLib_efm32_debug.a(driver.o)
                0x00012ccc                _SlDrvDataReadOp
 .text._SlDrvDataWriteOp
                0x00012f3c      0x1c8 ./../Libraries/WiFi/TI/../BCDS_Customization/debug/libWifiLib_efm32_debug.a(driver.o)
                0x00012f3c                _SlDrvDataWriteOp
 .text._SlDrvMsgWrite
                0x00013104      0x248 ./../Libraries/WiFi/TI/../BCDS_Customization/debug/libWifiLib_efm32_debug.a(driver.o)
 .text._SlDrvMsgRead
                0x0001334c      0x7a4 ./../Libraries/WiFi/TI/../BCDS_Customization/debug/libWifiLib_efm32_debug.a(driver.o)
 .text._SlAsyncEventGenericHandler
                0x00013af0      0x120 ./../Libraries/WiFi/TI/../BCDS_Customization/debug/libWifiLib_efm32_debug.a(driver.o)
 .text._SlDrvMsgReadCmdCtx
                0x00013c10      0x19c ./../Libraries/WiFi/TI/../BCDS_Customization/debug/libWifiLib_efm32_debug.a(driver.o)
 .text._SlDrvMsgReadSpawnCtx
                0x00013dac      0x10c ./../Libraries/WiFi/TI/../BCDS_Customization/debug/libWifiLib_efm32_debug.a(driver.o)
                0x00013dac                _SlDrvMsgReadSpawnCtx
 .text._SlDrvClassifyRxMsg
                0x00013eb8       0xf0 ./../Libraries/WiFi/TI/../BCDS_Customization/debug/libWifiLib_efm32_debug.a(driver.o)
 .text._SlDrvRxHdrRead
                0x00013fa8      0x2d4 ./../Libraries/WiFi/TI/../BCDS_Customization/debug/libWifiLib_efm32_debug.a(driver.o)
 .text._SlDrvCmdSend
                0x0001427c       0x9c ./../Libraries/WiFi/TI/../BCDS_Customization/debug/libWifiLib_efm32_debug.a(driver.o)
                0x0001427c                _SlDrvCmdSend
 .text._SlDrvWaitForPoolObj
                0x00014318      0x254 ./../Libraries/WiFi/TI/../BCDS_Customization/debug/libWifiLib_efm32_debug.a(driver.o)
                0x00014318                _SlDrvWaitForPoolObj
 .text._SlDrvReleasePoolObj
                0x0001456c      0x2fc ./../Libraries/WiFi/TI/../BCDS_Customization/debug/libWifiLib_efm32_debug.a(driver.o)
                0x0001456c                _SlDrvReleasePoolObj
 .text._SlRemoveFromList
                0x00014868      0x114 ./../Libraries/WiFi/TI/../BCDS_Customization/debug/libWifiLib_efm32_debug.a(driver.o)
 .text._SlFindAndSetActiveObj
                0x0001497c      0x1f4 ./../Libraries/WiFi/TI/../BCDS_Customization/debug/libWifiLib_efm32_debug.a(driver.o)
 .text._SlDrvDispatchHttpServerEvents
                0x00014b70       0x1c ./../Libraries/WiFi/TI/../BCDS_Customization/debug/libWifiLib_efm32_debug.a(driver.o)
                0x00014b70                _SlDrvDispatchHttpServerEvents
 .text._SlDrvSyncObjSignal
                0x00014b8c       0x30 ./../Libraries/WiFi/TI/../BCDS_Customization/debug/libWifiLib_efm32_debug.a(driver.o)
                0x00014b8c                _SlDrvSyncObjSignal
 .text._SlDrvObjLockWaitForever
                0x00014bbc       0x34 ./../Libraries/WiFi/TI/../BCDS_Customization/debug/libWifiLib_efm32_debug.a(driver.o)
                0x00014bbc                _SlDrvObjLockWaitForever
 .text._SlDrvProtectionObjLockWaitForever
                0x00014bf0       0x40 ./../Libraries/WiFi/TI/../BCDS_Customization/debug/libWifiLib_efm32_debug.a(driver.o)
                0x00014bf0                _SlDrvProtectionObjLockWaitForever
 .text._SlDrvObjUnLock
                0x00014c30       0x30 ./../Libraries/WiFi/TI/../BCDS_Customization/debug/libWifiLib_efm32_debug.a(driver.o)
                0x00014c30                _SlDrvObjUnLock
 .text._SlDrvProtectionObjUnLock
                0x00014c60       0x3c ./../Libraries/WiFi/TI/../BCDS_Customization/debug/libWifiLib_efm32_debug.a(driver.o)
                0x00014c60                _SlDrvProtectionObjUnLock
 .text._SlDrvObjGlobalLockWaitForever
                0x00014c9c       0x3c ./../Libraries/WiFi/TI/../BCDS_Customization/debug/libWifiLib_efm32_debug.a(driver.o)
 .text._SlDrvGlobalObjUnLock
                0x00014cd8       0x3c ./../Libraries/WiFi/TI/../BCDS_Customization/debug/libWifiLib_efm32_debug.a(driver.o)
                0x00014cd8                _SlDrvGlobalObjUnLock
 .text._SlDrvMemZero
                0x00014d14       0x24 ./../Libraries/WiFi/TI/../BCDS_Customization/debug/libWifiLib_efm32_debug.a(driver.o)
                0x00014d14                _SlDrvMemZero
 .text._SlDrvResetCmdExt
                0x00014d38       0x1c ./../Libraries/WiFi/TI/../BCDS_Customization/debug/libWifiLib_efm32_debug.a(driver.o)
                0x00014d38                _SlDrvResetCmdExt
 .text._SlDrvSyncObjWaitForever
                0x00014d54       0x38 ./../Libraries/WiFi/TI/../BCDS_Customization/debug/libWifiLib_efm32_debug.a(driver.o)
                0x00014d54                _SlDrvSyncObjWaitForever
 .text._SlDrvSyncObjWaitTimeout
                0x00014d8c       0x58 ./../Libraries/WiFi/TI/../BCDS_Customization/debug/libWifiLib_efm32_debug.a(driver.o)
                0x00014d8c                _SlDrvSyncObjWaitTimeout
 .text._SlDriverHandleError
                0x00014de4       0xb4 ./../Libraries/WiFi/TI/../BCDS_Customization/debug/libWifiLib_efm32_debug.a(driver.o)
                0x00014de4                _SlDriverHandleError
 .text.sl_NetAppStop
                0x00014e98       0x58 ./../Libraries/WiFi/TI/../BCDS_Customization/debug/libWifiLib_efm32_debug.a(netapp.o)
                0x00014e98                sl_NetAppStop
 .text._sl_HandleAsync_DnsGetHostByService
                0x00014ef0      0x114 ./../Libraries/WiFi/TI/../BCDS_Customization/debug/libWifiLib_efm32_debug.a(netapp.o)
                0x00014ef0                _sl_HandleAsync_DnsGetHostByService
 .text.sl_NetAppDnsGetHostByName
                0x00015004      0x194 ./../Libraries/WiFi/TI/../BCDS_Customization/debug/libWifiLib_efm32_debug.a(netapp.o)
                0x00015004                sl_NetAppDnsGetHostByName
 .text._sl_HandleAsync_DnsGetHostByName
                0x00015198      0x108 ./../Libraries/WiFi/TI/../BCDS_Customization/debug/libWifiLib_efm32_debug.a(netapp.o)
                0x00015198                _sl_HandleAsync_DnsGetHostByName
 .text.CopyPingResultsToReport
                0x000152a0       0x44 ./../Libraries/WiFi/TI/../BCDS_Customization/debug/libWifiLib_efm32_debug.a(netapp.o)
 .text._sl_HandleAsync_PingResponse
                0x000152e4       0xf4 ./../Libraries/WiFi/TI/../BCDS_Customization/debug/libWifiLib_efm32_debug.a(netapp.o)
                0x000152e4                _sl_HandleAsync_PingResponse
 .text._sl_NetAppSendTokenValue
                0x000153d8       0x88 ./../Libraries/WiFi/TI/../BCDS_Customization/debug/libWifiLib_efm32_debug.a(netapp.o)
                0x000153d8                _sl_NetAppSendTokenValue
 .text._SlDrvNetAppEventHandler
                0x00015460      0x148 ./../Libraries/WiFi/TI/../BCDS_Customization/debug/libWifiLib_efm32_debug.a(netapp.o)
                0x00015460                _SlDrvNetAppEventHandler
 .text._sl_BuildAddress
                0x000155a8       0x60 ./../Libraries/WiFi/TI/../BCDS_Customization/debug/libWifiLib_efm32_debug.a(socket.o)
 .text._sl_TruncatePayloadByProtocol
                0x00015608       0x44 ./../Libraries/WiFi/TI/../BCDS_Customization/debug/libWifiLib_efm32_debug.a(socket.o)
 .text.sl_Socket
                0x0001564c       0x7c ./../Libraries/WiFi/TI/../BCDS_Customization/debug/libWifiLib_efm32_debug.a(socket.o)
                0x0001564c                sl_Socket
 .text.sl_Close
                0x000156c8       0x5c ./../Libraries/WiFi/TI/../BCDS_Customization/debug/libWifiLib_efm32_debug.a(socket.o)
                0x000156c8                sl_Close
 .text.sl_Bind  0x00015724       0xb4 ./../Libraries/WiFi/TI/../BCDS_Customization/debug/libWifiLib_efm32_debug.a(socket.o)
                0x00015724                sl_Bind
 .text.sl_Connect
                0x000157d8      0x1b0 ./../Libraries/WiFi/TI/../BCDS_Customization/debug/libWifiLib_efm32_debug.a(socket.o)
                0x000157d8                sl_Connect
 .text._sl_HandleAsync_Connect
                0x00015988       0xd4 ./../Libraries/WiFi/TI/../BCDS_Customization/debug/libWifiLib_efm32_debug.a(socket.o)
                0x00015988                _sl_HandleAsync_Connect
 .text.sl_Send  0x00015a5c      0x124 ./../Libraries/WiFi/TI/../BCDS_Customization/debug/libWifiLib_efm32_debug.a(socket.o)
                0x00015a5c                sl_Send
 .text.sl_Htonl
                0x00015b80       0x58 ./../Libraries/WiFi/TI/../BCDS_Customization/debug/libWifiLib_efm32_debug.a(socket.o)
                0x00015b80                sl_Htonl
 .text.sl_Htons
                0x00015bd8       0x48 ./../Libraries/WiFi/TI/../BCDS_Customization/debug/libWifiLib_efm32_debug.a(socket.o)
                0x00015bd8                sl_Htons
 .text._sl_HandleAsync_Accept
                0x00015c20       0xa8 ./../Libraries/WiFi/TI/../BCDS_Customization/debug/libWifiLib_efm32_debug.a(socket.o)
                0x00015c20                _sl_HandleAsync_Accept
 .text._sl_HandleAsync_Select
                0x00015cc8       0x94 ./../Libraries/WiFi/TI/../BCDS_Customization/debug/libWifiLib_efm32_debug.a(socket.o)
                0x00015cc8                _sl_HandleAsync_Select
 .text.sl_Recv  0x00015d5c       0x90 ./../Libraries/WiFi/TI/../BCDS_Customization/debug/libWifiLib_efm32_debug.a(socket.o)
                0x00015d5c                sl_Recv
 .text.sl_SetSockOpt
                0x00015dec       0x94 ./../Libraries/WiFi/TI/../BCDS_Customization/debug/libWifiLib_efm32_debug.a(socket.o)
                0x00015dec                sl_SetSockOpt
 .text.sl_Select
                0x00015e80      0x188 ./../Libraries/WiFi/TI/../BCDS_Customization/debug/libWifiLib_efm32_debug.a(socket.o)
                0x00015e80                sl_Select
 .text.SL_FD_SET
                0x00016008       0x30 ./../Libraries/WiFi/TI/../BCDS_Customization/debug/libWifiLib_efm32_debug.a(socket.o)
                0x00016008                SL_FD_SET
 .text.SL_FD_ISSET
                0x00016038       0x3c ./../Libraries/WiFi/TI/../BCDS_Customization/debug/libWifiLib_efm32_debug.a(socket.o)
                0x00016038                SL_FD_ISSET
 .text.SL_FD_ZERO
                0x00016074       0x1c ./../Libraries/WiFi/TI/../BCDS_Customization/debug/libWifiLib_efm32_debug.a(socket.o)
                0x00016074                SL_FD_ZERO
 .text._sl_GetStartResponseConvert
                0x00016090       0x28 ./../Libraries/WiFi/TI/../BCDS_Customization/debug/libWifiLib_efm32_debug.a(device.o)
 .text.sl_Start
                0x000160b8      0x130 ./../Libraries/WiFi/TI/../BCDS_Customization/debug/libWifiLib_efm32_debug.a(device.o)
                0x000160b8                sl_Start
 .text._sl_HandleAsync_InitComplete
                0x000161e8       0xe8 ./../Libraries/WiFi/TI/../BCDS_Customization/debug/libWifiLib_efm32_debug.a(device.o)
                0x000161e8                _sl_HandleAsync_InitComplete
 .text._sl_HandleAsync_Stop
                0x000162d0       0x90 ./../Libraries/WiFi/TI/../BCDS_Customization/debug/libWifiLib_efm32_debug.a(device.o)
                0x000162d0                _sl_HandleAsync_Stop
 .text.sl_Stop  0x00016360      0x110 ./../Libraries/WiFi/TI/../BCDS_Customization/debug/libWifiLib_efm32_debug.a(device.o)
                0x00016360                sl_Stop
 .text._SlDrvDeviceEventHandler
                0x00016470       0xb8 ./../Libraries/WiFi/TI/../BCDS_Customization/debug/libWifiLib_efm32_debug.a(device.o)
                0x00016470                _SlDrvDeviceEventHandler
 .text.NetworkConfig_SlNetAppEvtHdlr
                0x00016528       0xa0 ./../Platform/Wlan/debug/libWlan_efm32_debug.a(NetworkConfig.o)
                0x00016528                NetworkConfig_SlNetAppEvtHdlr
 .text.NetworkConfig_GetIpStatus
                0x000165c8       0x18 ./../Platform/Wlan/debug/libWlan_efm32_debug.a(NetworkConfig.o)
                0x000165c8                NetworkConfig_GetIpStatus
 .text.NetworkConfig_SetIpStatus
                0x000165e0       0x20 ./../Platform/Wlan/debug/libWlan_efm32_debug.a(NetworkConfig.o)
                0x000165e0                NetworkConfig_SetIpStatus
 .text.NetworkConfig_GetIpSettings
                0x00016600       0xc0 ./../Platform/Wlan/debug/libWlan_efm32_debug.a(NetworkConfig.o)
                0x00016600                NetworkConfig_GetIpSettings
 .text.NetworkConfig_SetIpStatic
                0x000166c0       0xe4 ./../Platform/Wlan/debug/libWlan_efm32_debug.a(NetworkConfig.o)
                0x000166c0                NetworkConfig_SetIpStatic
 .text.NetworkConfig_SetIpDhcp
                0x000167a4       0xb4 ./../Platform/Wlan/debug/libWlan_efm32_debug.a(NetworkConfig.o)
                0x000167a4                NetworkConfig_SetIpDhcp
 .text.NetworkConfig_Ipv4Value
                0x00016858       0x44 ./../Platform/Wlan/debug/libWlan_efm32_debug.a(NetworkConfig.o)
                0x00016858                NetworkConfig_Ipv4Value
 .text.connectNonBlockingCall
                0x0001689c      0x18c ./../Platform/Wlan/debug/libWlan_efm32_debug.a(WlanConnect.o)
 .text.connectBlockingCall
                0x00016a28       0xd0 ./../Platform/Wlan/debug/libWlan_efm32_debug.a(WlanConnect.o)
 .text.SystemClock_getTime
                0x00016af8       0x34 ./../Platform/Wlan/debug/libWlan_efm32_debug.a(WlanConnect.o)
 .text.WlanConnect_SlGeneralEventHdlr
                0x00016b2c       0x9c ./../Platform/Wlan/debug/libWlan_efm32_debug.a(WlanConnect.o)
                0x00016b2c                WlanConnect_SlGeneralEventHdlr
 .text.WlanConnect_SLWlanEventHdlr
                0x00016bc8       0x6c ./../Platform/Wlan/debug/libWlan_efm32_debug.a(WlanConnect.o)
                0x00016bc8                WlanConnect_SLWlanEventHdlr
 .text.WlanConnect_GetInitStatus
                0x00016c34       0x18 ./../Platform/Wlan/debug/libWlan_efm32_debug.a(WlanConnect.o)
                0x00016c34                WlanConnect_GetInitStatus
 .text.WlanConnect_Init
                0x00016c4c       0xf4 ./../Platform/Wlan/debug/libWlan_efm32_debug.a(WlanConnect.o)
                0x00016c4c                WlanConnect_Init
 .text.NonBlockingTimer
                0x00016d40       0xb0 ./../Platform/Wlan/debug/libWlan_efm32_debug.a(WlanConnect.o)
                0x00016d40                NonBlockingTimer
 .text.WlanConnect_WPA
                0x00016df0       0xe0 ./../Platform/Wlan/debug/libWlan_efm32_debug.a(WlanConnect.o)
                0x00016df0                WlanConnect_WPA
 .text.WlanConnect_ScanNetworks
                0x00016ed0      0x410 ./../Platform/Wlan/debug/libWlan_efm32_debug.a(WlanConnect.o)
                0x00016ed0                WlanConnect_ScanNetworks
 .text.BITBAND_Peripheral
                0x000172e0       0x30 ./../Platform/Wlan/debug/libWlan_efm32_debug.a(WlanDriver.o)
 .text.GPIO_IntClear
                0x00017310       0x20 ./../Platform/Wlan/debug/libWlan_efm32_debug.a(WlanDriver.o)
 .text.GPIO_PinOutClear
                0x00017330       0x4c ./../Platform/Wlan/debug/libWlan_efm32_debug.a(WlanDriver.o)
 .text.GPIO_PinOutSet
                0x0001737c       0x4c ./../Platform/Wlan/debug/libWlan_efm32_debug.a(WlanDriver.o)
 .text.OsTime2Tick
                0x000173c8       0x44 ./../Platform/Wlan/debug/libWlan_efm32_debug.a(WlanDriver.o)
 .text.DelayAPI
                0x0001740c       0x48 ./../Platform/Wlan/debug/libWlan_efm32_debug.a(WlanDriver.o)
 .text.CreateSpawnQAndTask
                0x00017454       0x98 ./../Platform/Wlan/debug/libWlan_efm32_debug.a(WlanDriver.o)
 .text.WifiInterruptCallback
                0x000174ec       0x24 ./../Platform/Wlan/debug/libWlan_efm32_debug.a(WlanDriver.o)
 .text.WlanDriver_Init
                0x00017510       0xc8 ./../Platform/Wlan/debug/libWlan_efm32_debug.a(WlanDriver.o)
                0x00017510                WlanDriver_Init
 .text.WlanDriver_RegInterruptHdlr
                0x000175d8       0x34 ./../Platform/Wlan/debug/libWlan_efm32_debug.a(WlanDriver.o)
                0x000175d8                WlanDriver_RegInterruptHdlr
 .text.WlanDriver_DeviceDisable
                0x0001760c       0x14 ./../Platform/Wlan/debug/libWlan_efm32_debug.a(WlanDriver.o)
                0x0001760c                WlanDriver_DeviceDisable
 .text.WlanDriver_DeviceEnable
                0x00017620       0x14 ./../Platform/Wlan/debug/libWlan_efm32_debug.a(WlanDriver.o)
                0x00017620                WlanDriver_DeviceEnable
 .text.WlanDriver_InterruptEnable
                0x00017634       0x1c ./../Platform/Wlan/debug/libWlan_efm32_debug.a(WlanDriver.o)
                0x00017634                WlanDriver_InterruptEnable
 .text.WlanDriver_InterruptDisable
                0x00017650       0x1c ./../Platform/Wlan/debug/libWlan_efm32_debug.a(WlanDriver.o)
                0x00017650                WlanDriver_InterruptDisable
 .text.WlanDriver_SlHttpServerCb
                0x0001766c       0x14 ./../Platform/Wlan/debug/libWlan_efm32_debug.a(WlanDriver.o)
                0x0001766c                WlanDriver_SlHttpServerCb
 .text.WlanDriver_SpiClose
                0x00017680       0x3c ./../Platform/Wlan/debug/libWlan_efm32_debug.a(WlanDriver.o)
                0x00017680                WlanDriver_SpiClose
 .text.WlanDriver_SpiOpen
                0x000176bc       0xe0 ./../Platform/Wlan/debug/libWlan_efm32_debug.a(WlanDriver.o)
                0x000176bc                WlanDriver_SpiOpen
 .text.WlanDriver_SpiWrite
                0x0001779c       0x60 ./../Platform/Wlan/debug/libWlan_efm32_debug.a(WlanDriver.o)
                0x0001779c                WlanDriver_SpiWrite
 .text.WlanDriver_SpiRead
                0x000177fc       0x58 ./../Platform/Wlan/debug/libWlan_efm32_debug.a(WlanDriver.o)
                0x000177fc                WlanDriver_SpiRead
 .text.WlanDriver_OsSyncObjectCreate
                0x00017854       0x3c ./../Platform/Wlan/debug/libWlan_efm32_debug.a(WlanDriver.o)
                0x00017854                WlanDriver_OsSyncObjectCreate
 .text.WlanDriver_OsSyncObjectDelete
                0x00017890       0x30 ./../Platform/Wlan/debug/libWlan_efm32_debug.a(WlanDriver.o)
                0x00017890                WlanDriver_OsSyncObjectDelete
 .text.WlanDriver_OsSyncObjectSignal
                0x000178c0       0x3c ./../Platform/Wlan/debug/libWlan_efm32_debug.a(WlanDriver.o)
                0x000178c0                WlanDriver_OsSyncObjectSignal
 .text.WlanDriver_OsSyncSignalFromISR
                0x000178fc       0x5c ./../Platform/Wlan/debug/libWlan_efm32_debug.a(WlanDriver.o)
                0x000178fc                WlanDriver_OsSyncSignalFromISR
 .text.WlanDriver_OsSyncObjectWait
                0x00017958       0x4c ./../Platform/Wlan/debug/libWlan_efm32_debug.a(WlanDriver.o)
                0x00017958                WlanDriver_OsSyncObjectWait
 .text.WlanDriver_OsLockObjectCreate
                0x000179a4       0x34 ./../Platform/Wlan/debug/libWlan_efm32_debug.a(WlanDriver.o)
                0x000179a4                WlanDriver_OsLockObjectCreate
 .text.WlanDriver_OsLockObjectDelete
                0x000179d8       0x2c ./../Platform/Wlan/debug/libWlan_efm32_debug.a(WlanDriver.o)
                0x000179d8                WlanDriver_OsLockObjectDelete
 .text.WlanDriver_OsLockObjectWait
                0x00017a04       0x40 ./../Platform/Wlan/debug/libWlan_efm32_debug.a(WlanDriver.o)
                0x00017a04                WlanDriver_OsLockObjectWait
 .text.WlanDriver_OsLockUnlock
                0x00017a44       0x44 ./../Platform/Wlan/debug/libWlan_efm32_debug.a(WlanDriver.o)
                0x00017a44                WlanDriver_OsLockUnlock
 .text.WlanDriver_SimpleLinkSpawnTask
                0x00017a88       0x68 ./../Platform/Wlan/debug/libWlan_efm32_debug.a(WlanDriver.o)
                0x00017a88                WlanDriver_SimpleLinkSpawnTask
 .text.WlanDriver_OsiSpawn
                0x00017af0       0xa4 ./../Platform/Wlan/debug/libWlan_efm32_debug.a(WlanDriver.o)
                0x00017af0                WlanDriver_OsiSpawn
 .text.Callable_assign
                0x00017b94       0x20 ./../Libraries/ServalStack/BCDS_Customization/release/libServalStack_efm32.a(HttpClient.o)
 .text.HttpSession_getCurrentMsg
                0x00017bb4       0x18 ./../Libraries/ServalStack/BCDS_Customization/release/libServalStack_efm32.a(HttpClient.o)
 .text.HttpSessionMonitor_ResetGarbageCounter
                0x00017bcc       0x1c ./../Libraries/ServalStack/BCDS_Customization/release/libServalStack_efm32.a(HttpClient.o)
 .text.HttpClient_initialize
                0x00017be8       0x8c ./../Libraries/ServalStack/BCDS_Customization/release/libServalStack_efm32.a(HttpClient.o)
                0x00017be8                HttpClient_initialize
 .text.findExistingHttpSession
                0x00017c74       0xbc ./../Libraries/ServalStack/BCDS_Customization/release/libServalStack_efm32.a(HttpClient.o)
 .text.openTcpConnection
                0x00017d30       0x5c ./../Libraries/ServalStack/BCDS_Customization/release/libServalStack_efm32.a(HttpClient.o)
 .text.HttpClient_initRequest
                0x00017d8c      0x184 ./../Libraries/ServalStack/BCDS_Customization/release/libServalStack_efm32.a(HttpClient.o)
                0x00017d8c                HttpClient_initRequest
 .text.HttpClient_pushRequest
                0x00017f10      0x10c ./../Libraries/ServalStack/BCDS_Customization/release/libServalStack_efm32.a(HttpClient.o)
                0x00017f10                HttpClient_pushRequest
 .text.HttpClient_handleData
                0x0001801c      0x130 ./../Libraries/ServalStack/BCDS_Customization/release/libServalStack_efm32.a(HttpClient.o)
 .text.doSend   0x0001814c       0x4c ./../Libraries/ServalStack/BCDS_Customization/release/libServalStack_efm32.a(HttpClient.o)
 .text.doReceive
                0x00018198      0x260 ./../Libraries/ServalStack/BCDS_Customization/release/libServalStack_efm32.a(HttpClient.o)
 .text.callback
                0x000183f8       0xa8 ./../Libraries/ServalStack/BCDS_Customization/release/libServalStack_efm32.a(HttpClient.o)
 .text.HttpClient_headerFactoryFunc
                0x000184a0       0x24 ./../Libraries/ServalStack/BCDS_Customization/release/libServalStack_efm32.a(HttpClient.o)
                0x000184a0                HttpClient_headerFactoryFunc
 .text.HttpClient_requestSleep
                0x000184c4       0x8c ./../Libraries/ServalStack/BCDS_Customization/release/libServalStack_efm32.a(HttpClient.o)
 .text.HttpReceiver_addCommBuf
                0x00018550       0x98 ./../Libraries/ServalStack/BCDS_Customization/release/libServalStack_efm32.a(HttpReceiver.o)
                0x00018550                HttpReceiver_addCommBuf
 .text.parse    0x000185e8      0x1e0 ./../Libraries/ServalStack/BCDS_Customization/release/libServalStack_efm32.a(HttpReceiver.o)
 .text.Defragmentor_prepare
                0x000187c8       0x74 ./../Libraries/ServalStack/BCDS_Customization/release/libServalStack_efm32.a(Defragmentor.o)
                0x000187c8                Defragmentor_prepare
 .text.Defragmentor_merge
                0x0001883c       0xa0 ./../Libraries/ServalStack/BCDS_Customization/release/libServalStack_efm32.a(Defragmentor.o)
                0x0001883c                Defragmentor_merge
 .text.HttpSession_removeCurrentMsg
                0x000188dc       0x1c ./../Libraries/ServalStack/BCDS_Customization/release/libServalStack_efm32.a(HttpMsg.o)
 .text.HttpMsg_getContent
                0x000188f8       0x64 ./../Libraries/ServalStack/BCDS_Customization/release/libServalStack_efm32.a(HttpMsg.o)
                0x000188f8                HttpMsg_getContent
 .text.HttpMsg_setReqUrl
                0x0001895c       0x4c ./../Libraries/ServalStack/BCDS_Customization/release/libServalStack_efm32.a(HttpMsg.o)
                0x0001895c                HttpMsg_setReqUrl
 .text.HttpMsg_getContentType
                0x000189a8       0x38 ./../Libraries/ServalStack/BCDS_Customization/release/libServalStack_efm32.a(HttpMsg.o)
                0x000189a8                HttpMsg_getContentType
 .text.HttpMsg_setReqMethod
                0x000189e0       0x28 ./../Libraries/ServalStack/BCDS_Customization/release/libServalStack_efm32.a(HttpMsg.o)
                0x000189e0                HttpMsg_setReqMethod
 .text.HttpMsg_getStatusCode
                0x00018a08       0x38 ./../Libraries/ServalStack/BCDS_Customization/release/libServalStack_efm32.a(HttpMsg.o)
                0x00018a08                HttpMsg_getStatusCode
 .text.HttpMsg_getHeaderLen
                0x00018a40       0x1c ./../Libraries/ServalStack/BCDS_Customization/release/libServalStack_efm32.a(HttpMsg.o)
                0x00018a40                HttpMsg_getHeaderLen
 .text.HttpMsg_close
                0x00018a5c       0xd8 ./../Libraries/ServalStack/BCDS_Customization/release/libServalStack_efm32.a(HttpMsg.o)
                0x00018a5c                HttpMsg_close
 .text.getBitArrayBit
                0x00018b34       0x3c ./../Libraries/ServalStack/BCDS_Customization/release/libServalStack_efm32.a(MsgMonitor.o)
 .text.garbageControl
                0x00018b70       0x8c ./../Libraries/ServalStack/BCDS_Customization/release/libServalStack_efm32.a(MsgMonitor.o)
 .text.SubMonitorFunc
                0x00018bfc       0xac ./../Libraries/ServalStack/BCDS_Customization/release/libServalStack_efm32.a(MsgMonitor.o)
 .text.MsgMonitor_initialize
                0x00018ca8       0xc0 ./../Libraries/ServalStack/BCDS_Customization/release/libServalStack_efm32.a(MsgMonitor.o)
                0x00018ca8                MsgMonitor_initialize
 .text.MsgMonitor_SetMsgGarbageControllable
                0x00018d68       0x30 ./../Libraries/ServalStack/BCDS_Customization/release/libServalStack_efm32.a(MsgMonitor.o)
                0x00018d68                MsgMonitor_SetMsgGarbageControllable
 .text.MsgMonitor_SetMsgNotGarbageControllable
                0x00018d98       0x30 ./../Libraries/ServalStack/BCDS_Customization/release/libServalStack_efm32.a(MsgMonitor.o)
                0x00018d98                MsgMonitor_SetMsgNotGarbageControllable
 .text.Callable_assign
                0x00018dc8       0x20 ./../Libraries/ServalStack/BCDS_Customization/release/libServalStack_efm32.a(TLPMsg.o)
 .text.Callable_clear
                0x00018de8       0x1c ./../Libraries/ServalStack/BCDS_Customization/release/libServalStack_efm32.a(TLPMsg.o)
 .text.TLPMsg_setTLP
                0x00018e04       0x1c ./../Libraries/ServalStack/BCDS_Customization/release/libServalStack_efm32.a(TLPMsg.o)
                0x00018e04                TLPMsg_setTLP
 .text.TLPMsg_defineCallback
                0x00018e20       0x20 ./../Libraries/ServalStack/BCDS_Customization/release/libServalStack_efm32.a(TLPMsg.o)
                0x00018e20                TLPMsg_defineCallback
 .text.TLPMsg_setALPCallback
                0x00018e40       0x1c ./../Libraries/ServalStack/BCDS_Customization/release/libServalStack_efm32.a(TLPMsg.o)
                0x00018e40                TLPMsg_setALPCallback
 .text.TLPMsg_callbackALP
                0x00018e5c       0x2c ./../Libraries/ServalStack/BCDS_Customization/release/libServalStack_efm32.a(TLPMsg.o)
                0x00018e5c                TLPMsg_callbackALP
 .text.TLPMsg_getContext
                0x00018e88       0x18 ./../Libraries/ServalStack/BCDS_Customization/release/libServalStack_efm32.a(TLPMsg.o)
                0x00018e88                TLPMsg_getContext
 .text.TLPMsg_getHttpMsg
                0x00018ea0       0x28 ./../Libraries/ServalStack/BCDS_Customization/release/libServalStack_efm32.a(TLPMsg.o)
                0x00018ea0                TLPMsg_getHttpMsg
 .text.TLPMsg_close
                0x00018ec8       0x74 ./../Libraries/ServalStack/BCDS_Customization/release/libServalStack_efm32.a(TLPMsg.o)
                0x00018ec8                TLPMsg_close
 .text.getBitArrayBit
                0x00018f3c       0x3c ./../Libraries/ServalStack/BCDS_Customization/release/libServalStack_efm32.a(MsgPool.o)
 .text.setBitArrayBit
                0x00018f78       0x40 ./../Libraries/ServalStack/BCDS_Customization/release/libServalStack_efm32.a(MsgPool.o)
 .text.clearBitArrayBit
                0x00018fb8       0x44 ./../Libraries/ServalStack/BCDS_Customization/release/libServalStack_efm32.a(MsgPool.o)
 .text.MsgPool_initialize
                0x00018ffc       0xb8 ./../Libraries/ServalStack/BCDS_Customization/release/libServalStack_efm32.a(MsgPool.o)
                0x00018ffc                MsgPool_initialize
 .text.MsgPool_allocMsg
                0x000190b4       0xd8 ./../Libraries/ServalStack/BCDS_Customization/release/libServalStack_efm32.a(MsgPool.o)
                0x000190b4                MsgPool_allocMsg
 .text.MsgPool_releaseMsg
                0x0001918c       0xc8 ./../Libraries/ServalStack/BCDS_Customization/release/libServalStack_efm32.a(MsgPool.o)
                0x0001918c                MsgPool_releaseMsg
 .text.MsgPool_countAllocatedMsgs
                0x00019254       0x4c ./../Libraries/ServalStack/BCDS_Customization/release/libServalStack_efm32.a(MsgPool.o)
                0x00019254                MsgPool_countAllocatedMsgs
 .text.MsgPool_isPoolMsg
                0x000192a0       0x40 ./../Libraries/ServalStack/BCDS_Customization/release/libServalStack_efm32.a(MsgPool.o)
                0x000192a0                MsgPool_isPoolMsg
 .text.MsgPool_RequestSleep
                0x000192e0       0x8c ./../Libraries/ServalStack/BCDS_Customization/release/libServalStack_efm32.a(MsgPool.o)
 .text.OutMsgFactory_clearPosition
                0x0001936c       0x4c ./../Libraries/ServalStack/BCDS_Customization/release/libServalStack_efm32.a(OutMsgFactory.o)
 .text.OutMsgFactory_reset
                0x000193b8       0x3c ./../Libraries/ServalStack/BCDS_Customization/release/libServalStack_efm32.a(OutMsgFactory.o)
                0x000193b8                OutMsgFactory_reset
 .text.OutMsgFactory_open
                0x000193f4       0x20 ./../Libraries/ServalStack/BCDS_Customization/release/libServalStack_efm32.a(OutMsgFactory.o)
                0x000193f4                OutMsgFactory_open
 .text.OutMsgFactory_close
                0x00019414       0x18 ./../Libraries/ServalStack/BCDS_Customization/release/libServalStack_efm32.a(OutMsgFactory.o)
                0x00019414                OutMsgFactory_close
 .text.OutMsgFactory_prependPartFactoryFunc
                0x0001942c       0x54 ./../Libraries/ServalStack/BCDS_Customization/release/libServalStack_efm32.a(OutMsgFactory.o)
                0x0001942c                OutMsgFactory_prependPartFactoryFunc
 .text.OutMsgFactory_commit
                0x00019480       0x50 ./../Libraries/ServalStack/BCDS_Customization/release/libServalStack_efm32.a(OutMsgFactory.o)
                0x00019480                OutMsgFactory_commit
 .text.isCommitted
                0x000194d0       0x40 ./../Libraries/ServalStack/BCDS_Customization/release/libServalStack_efm32.a(OutMsgFactory.o)
 .text.OutMsgFactory_hasNextChunk
                0x00019510       0x24 ./../Libraries/ServalStack/BCDS_Customization/release/libServalStack_efm32.a(OutMsgFactory.o)
                0x00019510                OutMsgFactory_hasNextChunk
 .text.OutMsgFactory_getNumPartFactories
                0x00019534       0x18 ./../Libraries/ServalStack/BCDS_Customization/release/libServalStack_efm32.a(OutMsgFactory.o)
                0x00019534                OutMsgFactory_getNumPartFactories
 .text.OutMsgFactory_constructChunk
                0x0001954c      0x130 ./../Libraries/ServalStack/BCDS_Customization/release/libServalStack_efm32.a(OutMsgFactory.o)
                0x0001954c                OutMsgFactory_constructChunk
 .text.OutMsgFactory_constructLastChunk
                0x0001967c       0x54 ./../Libraries/ServalStack/BCDS_Customization/release/libServalStack_efm32.a(OutMsgFactory.o)
                0x0001967c                OutMsgFactory_constructLastChunk
 .text.OutMsgFactory_insertStaticContent
                0x000196d0       0x94 ./../Libraries/ServalStack/BCDS_Customization/release/libServalStack_efm32.a(OutMsgFactory.o)
                0x000196d0                OutMsgFactory_insertStaticContent
 .text.OutMsgFactory_insertExternalContent
                0x00019764      0x110 ./../Libraries/ServalStack/BCDS_Customization/release/libServalStack_efm32.a(OutMsgFactory.o)
 .text.OutMsgFactory_serializeContentItem
                0x00019874       0xd8 ./../Libraries/ServalStack/BCDS_Customization/release/libServalStack_efm32.a(OutMsgFactory.o)
 .text.OutMsgFactory_serializeRecipe
                0x0001994c       0xa8 ./../Libraries/ServalStack/BCDS_Customization/release/libServalStack_efm32.a(OutMsgFactory.o)
                0x0001994c                OutMsgFactory_serializeRecipe
 .text.Callable_clear
                0x000199f4       0x1c ./../Libraries/ServalStack/BCDS_Customization/release/libServalStack_efm32.a(Msg.o)
 .text.Msg_open
                0x00019a10       0x20 ./../Libraries/ServalStack/BCDS_Customization/release/libServalStack_efm32.a(Msg.o)
                0x00019a10                Msg_open
 .text.Msg_getTLPMsg
                0x00019a30       0x18 ./../Libraries/ServalStack/BCDS_Customization/release/libServalStack_efm32.a(Msg.o)
                0x00019a30                Msg_getTLPMsg
 .text.Msg_getFactory
                0x00019a48       0x1c ./../Libraries/ServalStack/BCDS_Customization/release/libServalStack_efm32.a(Msg.o)
                0x00019a48                Msg_getFactory
 .text.Msg_close
                0x00019a64       0xd0 ./../Libraries/ServalStack/BCDS_Customization/release/libServalStack_efm32.a(Msg.o)
                0x00019a64                Msg_close
 .text.Msg_getWebMsg
                0x00019b34       0x2c ./../Libraries/ServalStack/BCDS_Customization/release/libServalStack_efm32.a(Msg.o)
                0x00019b34                Msg_getWebMsg
 .text.Callable_assign
                0x00019b60       0x20 ./../Libraries/ServalStack/BCDS_Customization/release/libServalStack_efm32.a(MsgSender.o)
 .text.MsgSender_sendViaTcp
                0x00019b80       0x5c ./../Libraries/ServalStack/BCDS_Customization/release/libServalStack_efm32.a(MsgSender.o)
                0x00019b80                MsgSender_sendViaTcp
 .text.doMsgSendingViaTcp
                0x00019bdc       0xf0 ./../Libraries/ServalStack/BCDS_Customization/release/libServalStack_efm32.a(MsgSender.o)
 .text.sendViaTcp
                0x00019ccc      0x190 ./../Libraries/ServalStack/BCDS_Customization/release/libServalStack_efm32.a(MsgSender.o)
 .text.UdpMsg_close
                0x00019e5c       0x44 ./../Libraries/ServalStack/BCDS_Customization/release/libServalStack_efm32.a(UdpMsg.o)
                0x00019e5c                UdpMsg_close
 .text.RestMsg_close
                0x00019ea0       0x14 ./../Libraries/ServalStack/BCDS_Customization/release/libServalStack_efm32.a(RestMsg.o)
                0x00019ea0                RestMsg_close
 .text.CycurTLS_initializeConnections
                0x00019eb4       0x44 ./../Libraries/ServalStack/BCDS_Customization/release/libServalStack_efm32.a(CycurTLSConnection.o)
                0x00019eb4                CycurTLS_initializeConnections
 .text.Dtls_monitorRetransmission
                0x00019ef8      0x2e4 ./../Libraries/ServalStack/BCDS_Customization/release/libServalStack_efm32.a(CycurTLSConnection.o)
                0x00019ef8                Dtls_monitorRetransmission
 .text.Callable_assign
                0x0001a1dc       0x20 ./../Libraries/ServalStack/BCDS_Customization/release/libServalStack_efm32.a(ResourceMonitor.o)
 .text.ResourceMonitor_TimerCallback
                0x0001a1fc       0x50 ./../Libraries/ServalStack/BCDS_Customization/release/libServalStack_efm32.a(ResourceMonitor.o)
 .text.monitor  0x0001a24c       0x7c ./../Libraries/ServalStack/BCDS_Customization/release/libServalStack_efm32.a(ResourceMonitor.o)
 .text.ResourceMonitor_initialize
                0x0001a2c8      0x10c ./../Libraries/ServalStack/BCDS_Customization/release/libServalStack_efm32.a(ResourceMonitor.o)
                0x0001a2c8                ResourceMonitor_initialize
 .text.ResourceMonitor_Register
                0x0001a3d4       0x50 ./../Libraries/ServalStack/BCDS_Customization/release/libServalStack_efm32.a(ResourceMonitor.o)
                0x0001a3d4                ResourceMonitor_Register
 .text.ResourceMonitor_RequestSleep
                0x0001a424       0x94 ./../Libraries/ServalStack/BCDS_Customization/release/libServalStack_efm32.a(ResourceMonitor.o)
 .text.Callable_call
                0x0001a4b8       0x28 ./../Libraries/ServalStack/BCDS_Customization/release/libServalStack_efm32.a(Callable.o)
                0x0001a4b8                Callable_call
 .text.Callable_callback
                0x0001a4e0       0x3c ./../Libraries/ServalStack/BCDS_Customization/release/libServalStack_efm32.a(Callable.o)
                0x0001a4e0                Callable_callback
 .text.OpControl_preInitialize
                0x0001a51c       0x3c ./../Libraries/ServalStack/BCDS_Customization/release/libServalStack_efm32.a(OpControl.o)
                0x0001a51c                OpControl_preInitialize
 .text.OpControl_initialize
                0x0001a558       0x80 ./../Libraries/ServalStack/BCDS_Customization/release/libServalStack_efm32.a(OpControl.o)
                0x0001a558                OpControl_initialize
 .text.OpControl_registerEmergencyFunc
                0x0001a5d8       0x18 ./../Libraries/ServalStack/BCDS_Customization/release/libServalStack_efm32.a(OpControl.o)
                0x0001a5d8                OpControl_registerEmergencyFunc
 .text.OpControl_notify
                0x0001a5f0       0x1c ./../Libraries/ServalStack/BCDS_Customization/release/libServalStack_efm32.a(OpControl.o)
                0x0001a5f0                OpControl_notify
 .text.Log_initialize
                0x0001a60c       0x98 ./../Libraries/ServalStack/BCDS_Customization/release/libServalStack_efm32.a(Log.o)
                0x0001a60c                Log_initialize
 .text.Log_enable
                0x0001a6a4       0x5c ./../Libraries/ServalStack/BCDS_Customization/release/libServalStack_efm32.a(Log.o)
                0x0001a6a4                Log_enable
 .text.willBeLogged
                0x0001a700       0x50 ./../Libraries/ServalStack/BCDS_Customization/release/libServalStack_efm32.a(Log.o)
 .text.Log_constructLogHeader
                0x0001a750       0xf8 ./../Libraries/ServalStack/BCDS_Customization/release/libServalStack_efm32.a(Log.o)
 .text.Log_flog
                0x0001a848       0xd8 ./../Libraries/ServalStack/BCDS_Customization/release/libServalStack_efm32.a(Log.o)
                0x0001a848                Log_flog
 .text.Log_RequestSleep
                0x0001a920       0x58 ./../Libraries/ServalStack/BCDS_Customization/release/libServalStack_efm32.a(Log.o)
 .text.Callable_assign
                0x0001a978       0x20 ./../Libraries/ServalStack/BCDS_Customization/release/libServalStack_efm32.a(ExceptionHandling.o)
 .text.callemergencyFunc
                0x0001a998       0x44 ./../Libraries/ServalStack/BCDS_Customization/release/libServalStack_efm32.a(ExceptionHandling.o)
 .text.ExceptionHandling_initialize
                0x0001a9dc       0x28 ./../Libraries/ServalStack/BCDS_Customization/release/libServalStack_efm32.a(ExceptionHandling.o)
                0x0001a9dc                ExceptionHandling_initialize
 .text.ExceptionHandling_registerEmergencyFunc
                0x0001aa04       0x40 ./../Libraries/ServalStack/BCDS_Customization/release/libServalStack_efm32.a(ExceptionHandling.o)
                0x0001aa04                ExceptionHandling_registerEmergencyFunc
 .text.ExceptionHandling_notify
                0x0001aa44      0x11c ./../Libraries/ServalStack/BCDS_Customization/release/libServalStack_efm32.a(ExceptionHandling.o)
                0x0001aa44                ExceptionHandling_notify
 .text.DutyCycling_initialize
                0x0001ab60       0x60 ./../Libraries/ServalStack/BCDS_Customization/release/libServalStack_efm32.a(DutyCycling.o)
                0x0001ab60                DutyCycling_initialize
 .text.DutyCycling_Register
                0x0001abc0       0x34 ./../Libraries/ServalStack/BCDS_Customization/release/libServalStack_efm32.a(DutyCycling.o)
                0x0001abc0                DutyCycling_Register
 .text.XTcpMsg_close
                0x0001abf4       0x14 ./../Libraries/ServalStack/BCDS_Customization/release/libServalStack_efm32.a(XTcpMsg.o)
                0x0001abf4                XTcpMsg_close
 .text.XUdpMsg_close
                0x0001ac08       0x14 ./../Libraries/ServalStack/BCDS_Customization/release/libServalStack_efm32.a(XUdpMsg.o)
                0x0001ac08                XUdpMsg_close
 .text.CoapMsg_close
                0x0001ac1c       0x28 ./../Libraries/ServalStack/BCDS_Customization/release/libServalStack_efm32.a(CoapMsg.o)
                0x0001ac1c                CoapMsg_close
 .text.StringDescr_set
                0x0001ac44       0x24 ./../Libraries/ServalStack/BCDS_Customization/release/libServalStack_efm32.a(HttpParser.o)
 .text.StringDescr_getLength
                0x0001ac68       0x18 ./../Libraries/ServalStack/BCDS_Customization/release/libServalStack_efm32.a(HttpParser.o)
 .text.StringDescr_copySegment
                0x0001ac80       0x44 ./../Libraries/ServalStack/BCDS_Customization/release/libServalStack_efm32.a(HttpParser.o)
 .text.StringDescr_copy
                0x0001acc4       0x24 ./../Libraries/ServalStack/BCDS_Customization/release/libServalStack_efm32.a(HttpParser.o)
 .text.StringDescr_compareFrom
                0x0001ace8       0x44 ./../Libraries/ServalStack/BCDS_Customization/release/libServalStack_efm32.a(HttpParser.o)
 .text.StringDescr_compare
                0x0001ad2c       0x24 ./../Libraries/ServalStack/BCDS_Customization/release/libServalStack_efm32.a(HttpParser.o)
 .text.StringDescr_compareFromNoCase
                0x0001ad50       0x44 ./../Libraries/ServalStack/BCDS_Customization/release/libServalStack_efm32.a(HttpParser.o)
 .text.StringDescr_compareNoCase
                0x0001ad94       0x24 ./../Libraries/ServalStack/BCDS_Customization/release/libServalStack_efm32.a(HttpParser.o)
 .text.StringDescr_parseUInt
                0x0001adb8       0x84 ./../Libraries/ServalStack/BCDS_Customization/release/libServalStack_efm32.a(HttpParser.o)
 .text.HttpParser_initialize
                0x0001ae3c       0x40 ./../Libraries/ServalStack/BCDS_Customization/release/libServalStack_efm32.a(HttpParser.o)
 .text.HttpParser_isHeaderComplete
                0x0001ae7c       0x24 ./../Libraries/ServalStack/BCDS_Customization/release/libServalStack_efm32.a(HttpParser.o)
 .text.HttpParser_skipWhitespace
                0x0001aea0       0x5c ./../Libraries/ServalStack/BCDS_Customization/release/libServalStack_efm32.a(HttpParser.o)
 .text.HttpParser_hasConsumedInput
                0x0001aefc       0x28 ./../Libraries/ServalStack/BCDS_Customization/release/libServalStack_efm32.a(HttpParser.o)
 .text.isTerminationMarker
                0x0001af24       0x38 ./../Libraries/ServalStack/BCDS_Customization/release/libServalStack_efm32.a(HttpParser.o)
 .text.HttpParser_getNextHeaderElement
                0x0001af5c      0x120 ./../Libraries/ServalStack/BCDS_Customization/release/libServalStack_efm32.a(HttpParser.o)
 .text.HttpParser_getQuotedString
                0x0001b07c       0x7c ./../Libraries/ServalStack/BCDS_Customization/release/libServalStack_efm32.a(HttpParser.o)
 .text.HttpParser_getNextHeader
                0x0001b0f8       0xec ./../Libraries/ServalStack/BCDS_Customization/release/libServalStack_efm32.a(HttpParser.o)
 .text.parseHttpVersion
                0x0001b1e4       0xa8 ./../Libraries/ServalStack/BCDS_Customization/release/libServalStack_efm32.a(HttpParser.o)
 .text.parseHeaderContentLength
                0x0001b28c       0x9c ./../Libraries/ServalStack/BCDS_Customization/release/libServalStack_efm32.a(HttpParser.o)
 .text.mapContentType
                0x0001b328       0xec ./../Libraries/ServalStack/BCDS_Customization/release/libServalStack_efm32.a(HttpParser.o)
 .text.parseHeaderContentType
                0x0001b414       0x98 ./../Libraries/ServalStack/BCDS_Customization/release/libServalStack_efm32.a(HttpParser.o)
 .text.parseHeaderTransferEncoding
                0x0001b4ac       0x5c ./../Libraries/ServalStack/BCDS_Customization/release/libServalStack_efm32.a(HttpParser.o)
 .text.mapStatusCode
                0x0001b508       0xa8 ./../Libraries/ServalStack/BCDS_Customization/release/libServalStack_efm32.a(HttpParser.o)
 .text.parseResponseStatusCode
                0x0001b5b0       0x9c ./../Libraries/ServalStack/BCDS_Customization/release/libServalStack_efm32.a(HttpParser.o)
 .text.parseStatusLine
                0x0001b64c       0x4c ./../Libraries/ServalStack/BCDS_Customization/release/libServalStack_efm32.a(HttpParser.o)
 .text.parseResponseHeaderLines
                0x0001b698       0xc8 ./../Libraries/ServalStack/BCDS_Customization/release/libServalStack_efm32.a(HttpParser.o)
 .text.HttpParser_parseRespHeader
                0x0001b760       0xa8 ./../Libraries/ServalStack/BCDS_Customization/release/libServalStack_efm32.a(HttpParser.o)
                0x0001b760                HttpParser_parseRespHeader
 .text.parseRequestMethod
                0x0001b808      0x10c ./../Libraries/ServalStack/BCDS_Customization/release/libServalStack_efm32.a(HttpParser.o)
 .text.parseRequestUri
                0x0001b914       0x7c ./../Libraries/ServalStack/BCDS_Customization/release/libServalStack_efm32.a(HttpParser.o)
 .text.parseRequestLine
                0x0001b990       0x5c ./../Libraries/ServalStack/BCDS_Customization/release/libServalStack_efm32.a(HttpParser.o)
 .text.parseAuthorizationBasic
                0x0001b9ec       0x54 ./../Libraries/ServalStack/BCDS_Customization/release/libServalStack_efm32.a(HttpParser.o)
 .text.parseAuthorizationFieldValue
                0x0001ba40       0x38 ./../Libraries/ServalStack/BCDS_Customization/release/libServalStack_efm32.a(HttpParser.o)
 .text.trimOptionalQuotationMarks
                0x0001ba78       0x48 ./../Libraries/ServalStack/BCDS_Customization/release/libServalStack_efm32.a(HttpParser.o)
 .text.parseAuthorizationStringFieldValue
                0x0001bac0       0x80 ./../Libraries/ServalStack/BCDS_Customization/release/libServalStack_efm32.a(HttpParser.o)
 .text.parseAuthorizationDigestUsername
                0x0001bb40       0x8c ./../Libraries/ServalStack/BCDS_Customization/release/libServalStack_efm32.a(HttpParser.o)
 .text.parseAuthorizationDigestRealm
                0x0001bbcc       0xb4 ./../Libraries/ServalStack/BCDS_Customization/release/libServalStack_efm32.a(HttpParser.o)
 .text.parseAuthorizationDigestCnonce
                0x0001bc80       0x78 ./../Libraries/ServalStack/BCDS_Customization/release/libServalStack_efm32.a(HttpParser.o)
 .text.parseAuthorizationDigest
                0x0001bcf8      0x1c4 ./../Libraries/ServalStack/BCDS_Customization/release/libServalStack_efm32.a(HttpParser.o)
 .text.parseHeaderAuthorization
                0x0001bebc       0xa4 ./../Libraries/ServalStack/BCDS_Customization/release/libServalStack_efm32.a(HttpParser.o)
 .text.parseHeaderConnection
                0x0001bf60       0x58 ./../Libraries/ServalStack/BCDS_Customization/release/libServalStack_efm32.a(HttpParser.o)
 .text.parseHeaderExpect
                0x0001bfb8       0x3c ./../Libraries/ServalStack/BCDS_Customization/release/libServalStack_efm32.a(HttpParser.o)
 .text.parseRequestHeaderLines
                0x0001bff4      0x150 ./../Libraries/ServalStack/BCDS_Customization/release/libServalStack_efm32.a(HttpParser.o)
 .text.HttpParser_parseReqHeader
                0x0001c144       0xa8 ./../Libraries/ServalStack/BCDS_Customization/release/libServalStack_efm32.a(HttpParser.o)
                0x0001c144                HttpParser_parseReqHeader
 .text.getBitArrayBit
                0x0001c1ec       0x3c ./../Libraries/ServalStack/BCDS_Customization/release/libServalStack_efm32.a(HttpPool.o)
 .text.setBitArrayBit
                0x0001c228       0x40 ./../Libraries/ServalStack/BCDS_Customization/release/libServalStack_efm32.a(HttpPool.o)
 .text.clearBitArrayBit
                0x0001c268       0x44 ./../Libraries/ServalStack/BCDS_Customization/release/libServalStack_efm32.a(HttpPool.o)
 .text.HttpPool_initialize
                0x0001c2ac       0xa8 ./../Libraries/ServalStack/BCDS_Customization/release/libServalStack_efm32.a(HttpPool.o)
                0x0001c2ac                HttpPool_initialize
 .text.HttpPool_getIndex
                0x0001c354       0x34 ./../Libraries/ServalStack/BCDS_Customization/release/libServalStack_efm32.a(HttpPool.o)
                0x0001c354                HttpPool_getIndex
 .text.HttpPool_getSession
                0x0001c388       0x2c ./../Libraries/ServalStack/BCDS_Customization/release/libServalStack_efm32.a(HttpPool.o)
                0x0001c388                HttpPool_getSession
 .text.getSessionStatus
                0x0001c3b4       0x60 ./../Libraries/ServalStack/BCDS_Customization/release/libServalStack_efm32.a(HttpPool.o)
 .text.HttpPool_getSessionStatus
                0x0001c414       0x58 ./../Libraries/ServalStack/BCDS_Customization/release/libServalStack_efm32.a(HttpPool.o)
                0x0001c414                HttpPool_getSessionStatus
 .text.internal_HttpPool_close
                0x0001c46c       0x88 ./../Libraries/ServalStack/BCDS_Customization/release/libServalStack_efm32.a(HttpPool.o)
                0x0001c46c                internal_HttpPool_close
 .text.HttpPool_close
                0x0001c4f4       0x88 ./../Libraries/ServalStack/BCDS_Customization/release/libServalStack_efm32.a(HttpPool.o)
                0x0001c4f4                HttpPool_close
 .text.internal_HttpPool_delete
                0x0001c57c       0x68 ./../Libraries/ServalStack/BCDS_Customization/release/libServalStack_efm32.a(HttpPool.o)
                0x0001c57c                internal_HttpPool_delete
 .text.HttpPool_delete
                0x0001c5e4       0x8c ./../Libraries/ServalStack/BCDS_Customization/release/libServalStack_efm32.a(HttpPool.o)
                0x0001c5e4                HttpPool_delete
 .text.HttpPool_openClientSession
                0x0001c670       0x24 ./../Libraries/ServalStack/BCDS_Customization/release/libServalStack_efm32.a(HttpPool.o)
                0x0001c670                HttpPool_openClientSession
 .text.HttpPool_checkOpenSessions
                0x0001c694       0x48 ./../Libraries/ServalStack/BCDS_Customization/release/libServalStack_efm32.a(HttpPool.o)
                0x0001c694                HttpPool_checkOpenSessions
 .text.HttpPool_openNewSession
                0x0001c6dc      0x108 ./../Libraries/ServalStack/BCDS_Customization/release/libServalStack_efm32.a(HttpPool.o)
                0x0001c6dc                HttpPool_openNewSession
 .text.HttpPool_subMonitorFunc
                0x0001c7e4      0x230 ./../Libraries/ServalStack/BCDS_Customization/release/libServalStack_efm32.a(HttpPool.o)
                0x0001c7e4                HttpPool_subMonitorFunc
 .text.updateHandover
                0x0001ca14       0x30 ./../Libraries/ServalStack/BCDS_Customization/release/libServalStack_efm32.a(DynamicFunc.o)
 .text.serializeBytes
                0x0001ca44       0x44 ./../Libraries/ServalStack/BCDS_Customization/release/libServalStack_efm32.a(DynamicFunc.o)
 .text.serializeString
                0x0001ca88       0x38 ./../Libraries/ServalStack/BCDS_Customization/release/libServalStack_efm32.a(DynamicFunc.o)
 .text.Http_getMethod
                0x0001cac0       0x34 ./../Libraries/ServalStack/BCDS_Customization/release/libServalStack_efm32.a(DynamicFunc.o)
                0x0001cac0                Http_getMethod
 .text.Http_getTransferEncoding
                0x0001caf4       0x5c ./../Libraries/ServalStack/BCDS_Customization/release/libServalStack_efm32.a(DynamicFunc.o)
                0x0001caf4                Http_getTransferEncoding
 .text.Http_getStatusCode
                0x0001cb50       0x54 ./../Libraries/ServalStack/BCDS_Customization/release/libServalStack_efm32.a(DynamicFunc.o)
                0x0001cb50                Http_getStatusCode
 .text.Http_getStatusPhrase
                0x0001cba4       0x20 ./../Libraries/ServalStack/BCDS_Customization/release/libServalStack_efm32.a(DynamicFunc.o)
                0x0001cba4                Http_getStatusPhrase
 .text.Http_getConnectionType
                0x0001cbc4       0x54 ./../Libraries/ServalStack/BCDS_Customization/release/libServalStack_efm32.a(DynamicFunc.o)
                0x0001cbc4                Http_getConnectionType
 .text.Http_getContentType
                0x0001cc18       0x54 ./../Libraries/ServalStack/BCDS_Customization/release/libServalStack_efm32.a(DynamicFunc.o)
                0x0001cc18                Http_getContentType
 .text.Http_getUrl
                0x0001cc6c       0x38 ./../Libraries/ServalStack/BCDS_Customization/release/libServalStack_efm32.a(DynamicFunc.o)
                0x0001cc6c                Http_getUrl
 .text.Http_getHost
                0x0001cca4      0x150 ./../Libraries/ServalStack/BCDS_Customization/release/libServalStack_efm32.a(DynamicFunc.o)
                0x0001cca4                Http_getHost
 .text.Http_getAllowHeader
                0x0001cdf4       0x7c ./../Libraries/ServalStack/BCDS_Customization/release/libServalStack_efm32.a(DynamicFunc.o)
                0x0001cdf4                Http_getAllowHeader
 .text.Http_getCacheControl
                0x0001ce70       0x54 ./../Libraries/ServalStack/BCDS_Customization/release/libServalStack_efm32.a(DynamicFunc.o)
                0x0001ce70                Http_getCacheControl
 .text.Http_getAuthHeader
                0x0001cec4       0x48 ./../Libraries/ServalStack/BCDS_Customization/release/libServalStack_efm32.a(DynamicFunc.o)
                0x0001cec4                Http_getAuthHeader
 .text.Http_getNonce
                0x0001cf0c       0x38 ./../Libraries/ServalStack/BCDS_Customization/release/libServalStack_efm32.a(DynamicFunc.o)
                0x0001cf0c                Http_getNonce
 .text.Http_getRspAuth
                0x0001cf44       0x4c ./../Libraries/ServalStack/BCDS_Customization/release/libServalStack_efm32.a(DynamicFunc.o)
                0x0001cf44                Http_getRspAuth
 .text.Http_getCnonce
                0x0001cf90       0x74 ./../Libraries/ServalStack/BCDS_Customization/release/libServalStack_efm32.a(DynamicFunc.o)
                0x0001cf90                Http_getCnonce
 .text.Http_getStale
                0x0001d004       0x64 ./../Libraries/ServalStack/BCDS_Customization/release/libServalStack_efm32.a(DynamicFunc.o)
                0x0001d004                Http_getStale
 .text.copyToBuffer
                0x0001d068       0x78 ./../Libraries/ServalStack/BCDS_Customization/release/libServalStack_efm32.a(DynamicFunc.o)
 .text.serializeUInt32
                0x0001d0e0       0x54 ./../Libraries/ServalStack/BCDS_Customization/release/libServalStack_efm32.a(DynamicFunc.o)
 .text.HttpUtil_chunkSerializer
                0x0001d134      0x194 ./../Libraries/ServalStack/BCDS_Customization/release/libServalStack_efm32.a(HttpUtil.o)
                0x0001d134                HttpUtil_chunkSerializer
 .text.WebMsg_close
                0x0001d2c8       0x24 ./../Libraries/ServalStack/BCDS_Customization/release/libServalStack_efm32.a(WebMsg.o)
                0x0001d2c8                WebMsg_close
 .text.readHexVal
                0x0001d2ec      0x194 ./../Libraries/ServalStack/BCDS_Customization/release/libServalStack_efm32.a(HttpChunkedReceiver.o)
 .text.parseAdditionalHeader
                0x0001d480      0x130 ./../Libraries/ServalStack/BCDS_Customization/release/libServalStack_efm32.a(HttpChunkedReceiver.o)
 .text.HttpChunkedReceiver_parse
                0x0001d5b0      0x1fc ./../Libraries/ServalStack/BCDS_Customization/release/libServalStack_efm32.a(HttpChunkedReceiver.o)
                0x0001d5b0                HttpChunkedReceiver_parse
 .text.SubMonitorFunc
                0x0001d7ac       0x54 ./../Libraries/ServalStack/BCDS_Customization/release/libServalStack_efm32.a(HttpSessionMonitor.o)
 .text.HttpSessionMonitor_initialize
                0x0001d800       0xcc ./../Libraries/ServalStack/BCDS_Customization/release/libServalStack_efm32.a(HttpSessionMonitor.o)
                0x0001d800                HttpSessionMonitor_initialize
 .text.Lwm2mMsg_close
                0x0001d8cc       0x14 ./../Libraries/ServalStack/BCDS_Customization/release/libServalStack_efm32.a(Lwm2mMsg.o)
                0x0001d8cc                Lwm2mMsg_close
 .text.CycurTLS_initializeSockets
                0x0001d8e0       0x44 ./../Libraries/ServalStack/BCDS_Customization/release/libServalStack_efm32.a(CycurTLSSocket.o)
                0x0001d8e0                CycurTLS_initializeSockets
 .text.CycurTLS_initializeRng
                0x0001d924       0xc0 ./../Libraries/ServalStack/BCDS_Customization/release/libServalStack_efm32.a(CycurTLSAdapter.o)
 .text.CycurTLS_initialize
                0x0001d9e4       0x28 ./../Libraries/ServalStack/BCDS_Customization/release/libServalStack_efm32.a(CycurTLSAdapter.o)
                0x0001d9e4                CycurTLS_initialize
 .text.GetConnectionTopStateDescription
                0x0001da0c       0x6c ./../Libraries/ServalStack/BCDS_Customization/release/libServalStack_efm32.a(CycurTLS_Log.o)
 .text.GetConnectionStateDescription
                0x0001da78      0x1f4 ./../Libraries/ServalStack/BCDS_Customization/release/libServalStack_efm32.a(CycurTLS_Log.o)
 .text.GetCycurTLSErrorDescription
                0x0001dc6c      0x4c8 ./../Libraries/ServalStack/BCDS_Customization/release/libServalStack_efm32.a(CycurTLS_Log.o)
 .text.GetCycurTLSStateDescription
                0x0001e134       0x84 ./../Libraries/ServalStack/BCDS_Customization/release/libServalStack_efm32.a(CycurTLS_Log.o)
 .text.GetPendingDescription
                0x0001e1b8       0x64 ./../Libraries/ServalStack/BCDS_Customization/release/libServalStack_efm32.a(CycurTLS_Log.o)
 .text.CycurTLS_logConnection
                0x0001e21c      0x29c ./../Libraries/ServalStack/BCDS_Customization/release/libServalStack_efm32.a(CycurTLS_Log.o)
                0x0001e21c                CycurTLS_logConnection
 .text.StringDescr_compareSegment
                0x0001e4b8       0x6c ./../Libraries/ServalStack/BCDS_Customization/release/libServalStack_efm32.a(StringDescriptor.o)
                0x0001e4b8                StringDescr_compareSegment
 .text.StringDescr_compareSegmentNoCase
                0x0001e524       0x78 ./../Libraries/ServalStack/BCDS_Customization/release/libServalStack_efm32.a(StringDescriptor.o)
                0x0001e524                StringDescr_compareSegmentNoCase
 .text.Clock_getTime
                0x0001e59c       0x34 ./../Platform/ServalPAL_WiFi/release/libServalPalWifi_efm32.a(PAL_clockRTOS_cc.o)
                0x0001e59c                Clock_getTime
 .text.Clock_getTimeMillis
                0x0001e5d0       0x3c ./../Platform/ServalPAL_WiFi/release/libServalPalWifi_efm32.a(PAL_clockRTOS_cc.o)
                0x0001e5d0                Clock_getTimeMillis
 .text.isInternalBuffer
                0x0001e60c       0x3c ./../Platform/ServalPAL_WiFi/release/libServalPalWifi_efm32.a(PAL_commBuffer_cc.o)
                0x0001e60c                isInternalBuffer
 .text.PAL_commBuffReceivingBuffer
                0x0001e648       0x14 ./../Platform/ServalPAL_WiFi/release/libServalPalWifi_efm32.a(PAL_commBuffer_cc.o)
                0x0001e648                PAL_commBuffReceivingBuffer
 .text.PAL_commBuffSendingBuffer
                0x0001e65c       0x3c ./../Platform/ServalPAL_WiFi/release/libServalPalWifi_efm32.a(PAL_commBuffer_cc.o)
                0x0001e65c                PAL_commBuffSendingBuffer
 .text.CommBuff_getPayload
                0x0001e698       0x18 ./../Platform/ServalPAL_WiFi/release/libServalPalWifi_efm32.a(PAL_commBuffer_cc.o)
                0x0001e698                CommBuff_getPayload
 .text.CommBuff_getLength
                0x0001e6b0       0x18 ./../Platform/ServalPAL_WiFi/release/libServalPalWifi_efm32.a(PAL_commBuffer_cc.o)
                0x0001e6b0                CommBuff_getLength
 .text.CommBuff_setLength
                0x0001e6c8       0x1c ./../Platform/ServalPAL_WiFi/release/libServalPalWifi_efm32.a(PAL_commBuffer_cc.o)
                0x0001e6c8                CommBuff_setLength
 .text.CommBuff_getInvalidBuffer
                0x0001e6e4       0x18 ./../Platform/ServalPAL_WiFi/release/libServalPalWifi_efm32.a(PAL_commBuffer_cc.o)
                0x0001e6e4                CommBuff_getInvalidBuffer
 .text.CommBuff_isValid
                0x0001e6fc       0x2c ./../Platform/ServalPAL_WiFi/release/libServalPalWifi_efm32.a(PAL_commBuffer_cc.o)
                0x0001e6fc                CommBuff_isValid
 .text.CommBuff_isResponsible
                0x0001e728       0x48 ./../Platform/ServalPAL_WiFi/release/libServalPalWifi_efm32.a(PAL_commBuffer_cc.o)
 .text.internalCommBuff_free
                0x0001e770       0xf4 ./../Platform/ServalPAL_WiFi/release/libServalPalWifi_efm32.a(PAL_commBuffer_cc.o)
 .text.CommBuff_free
                0x0001e864       0xac ./../Platform/ServalPAL_WiFi/release/libServalPalWifi_efm32.a(PAL_commBuffer_cc.o)
                0x0001e864                CommBuff_free
 .text.PAL_commBuffInitialize
                0x0001e910      0x164 ./../Platform/ServalPAL_WiFi/release/libServalPalWifi_efm32.a(PAL_commBuffer_cc.o)
                0x0001e910                PAL_commBuffInitialize
 .text.internalCommBuff_alloc
                0x0001ea74      0x214 ./../Platform/ServalPAL_WiFi/release/libServalPalWifi_efm32.a(PAL_commBuffer_cc.o)
 .text.CommBuff_realloc
                0x0001ec88      0x464 ./../Platform/ServalPAL_WiFi/release/libServalPalWifi_efm32.a(PAL_commBuffer_cc.o)
                0x0001ec88                CommBuff_realloc
 .text.Filesystem_read
                0x0001f0ec       0x60 ./../Platform/ServalPAL_WiFi/release/libServalPalWifi_efm32.a(PAL_fileSystem_cc.o)
                0x0001f0ec                Filesystem_read
 .text.Filesystem_isValidHandle
                0x0001f14c       0x34 ./../Platform/ServalPAL_WiFi/release/libServalPalWifi_efm32.a(PAL_fileSystem_cc.o)
                0x0001f14c                Filesystem_isValidHandle
 .text.PAL_exceptionHandlingCallback
                0x0001f180       0x2c ./../Platform/ServalPAL_WiFi/release/libServalPalWifi_efm32.a(PAL_initialize_cc.o)
 .text.PAL_securityInitialize
                0x0001f1ac       0x20 ./../Platform/ServalPAL_WiFi/release/libServalPalWifi_efm32.a(PAL_initialize_cc.o)
 .text.PAL_initialize
                0x0001f1cc       0xe4 ./../Platform/ServalPAL_WiFi/release/libServalPalWifi_efm32.a(PAL_initialize_cc.o)
                0x0001f1cc                PAL_initialize
 .text.Ip_convertAddrToString
                0x0001f2b0       0x4c ./../Platform/ServalPAL_WiFi/release/libServalPalWifi_efm32.a(PAL_ip_cc.o)
                0x0001f2b0                Ip_convertAddrToString
 .text.Ip_convertIntToPort
                0x0001f2fc       0x20 ./../Platform/ServalPAL_WiFi/release/libServalPalWifi_efm32.a(PAL_ip_cc.o)
                0x0001f2fc                Ip_convertIntToPort
 .text.Ip_getMyIpAddr
                0x0001f31c       0x2c ./../Platform/ServalPAL_WiFi/release/libServalPalWifi_efm32.a(PAL_ip_cc.o)
                0x0001f31c                Ip_getMyIpAddr
 .text.Ip_convertPortToInt
                0x0001f348       0x20 ./../Platform/ServalPAL_WiFi/release/libServalPalWifi_efm32.a(PAL_ip_cc.o)
                0x0001f348                Ip_convertPortToInt
 .text.Ip_compareAddr
                0x0001f368       0x28 ./../Platform/ServalPAL_WiFi/release/libServalPalWifi_efm32.a(PAL_ip_cc.o)
                0x0001f368                Ip_compareAddr
 .text.Basics_htonl
                0x0001f390       0x1c ./../Platform/ServalPAL_WiFi/release/libServalPalWifi_efm32.a(PAL_ip_cc.o)
                0x0001f390                Basics_htonl
 .text.PAL_getIpaddress
                0x0001f3ac       0xc4 ./../Platform/ServalPAL_WiFi/release/libServalPalWifi_efm32.a(PAL_ip_cc.o)
                0x0001f3ac                PAL_getIpaddress
 .text.LogXDK   0x0001f470       0x78 ./../Platform/ServalPAL_WiFi/release/libServalPalWifi_efm32.a(PAL_logAppender_cc.o)
                0x0001f470                LogXDK
 .text.appender_write
                0x0001f4e8       0x24 ./../Platform/ServalPAL_WiFi/release/libServalPalWifi_efm32.a(PAL_logAppender_cc.o)
 .text.appender_writeLen
                0x0001f50c       0x1c ./../Platform/ServalPAL_WiFi/release/libServalPalWifi_efm32.a(PAL_logAppender_cc.o)
 .text.xdkLogAppenders_loadUSBAppender
                0x0001f528       0x38 ./../Platform/ServalPAL_WiFi/release/libServalPalWifi_efm32.a(PAL_logAppender_cc.o)
                0x0001f528                xdkLogAppenders_loadUSBAppender
 .text.Callable_isAssigned
                0x0001f560       0x34 ./../Platform/ServalPAL_WiFi/release/libServalPalWifi_efm32.a(PAL_scheduler_cc.o)
 .text.PAL_schedulerInitialize
                0x0001f594       0x90 ./../Platform/ServalPAL_WiFi/release/libServalPalWifi_efm32.a(PAL_scheduler_cc.o)
                0x0001f594                PAL_schedulerInitialize
 .text.Scheduler_enqueue
                0x0001f624       0x58 ./../Platform/ServalPAL_WiFi/release/libServalPalWifi_efm32.a(PAL_scheduler_cc.o)
                0x0001f624                Scheduler_enqueue
 .text.PAL_schedulerDequeue
                0x0001f67c       0x90 ./../Platform/ServalPAL_WiFi/release/libServalPalWifi_efm32.a(PAL_scheduler_cc.o)
                0x0001f67c                PAL_schedulerDequeue
 .text.PAL_schedulerDenqueueTask
                0x0001f70c       0x64 ./../Platform/ServalPAL_WiFi/release/libServalPalWifi_efm32.a(PAL_scheduler_cc.o)
 .text.Callable_assign
                0x0001f770       0x20 ./../Platform/ServalPAL_WiFi/release/libServalPalWifi_efm32.a(PAL_socketMonitor_cc.o)
 .text.Callable_isAssigned
                0x0001f790       0x34 ./../Platform/ServalPAL_WiFi/release/libServalPalWifi_efm32.a(PAL_socketMonitor_cc.o)
 .text.CheckedCallableCall
                0x0001f7c4       0x2c ./../Platform/ServalPAL_WiFi/release/libServalPalWifi_efm32.a(PAL_socketMonitor_cc.o)
 .text.PAL_prepareSelect
                0x0001f7f0      0x184 ./../Platform/ServalPAL_WiFi/release/libServalPalWifi_efm32.a(PAL_socketMonitor_cc.o)
                0x0001f7f0                PAL_prepareSelect
 .text.PAL_Tcp_HalfClosed2Closed
                0x0001f974       0x5c ./../Platform/ServalPAL_WiFi/release/libServalPalWifi_efm32.a(PAL_socketMonitor_cc.o)
                0x0001f974                PAL_Tcp_HalfClosed2Closed
 .text.PAL_socketMonitoring
                0x0001f9d0      0x544 ./../Platform/ServalPAL_WiFi/release/libServalPalWifi_efm32.a(PAL_socketMonitor_cc.o)
 .text.PAL_getSocketIndex
                0x0001ff14       0x64 ./../Platform/ServalPAL_WiFi/release/libServalPalWifi_efm32.a(PAL_socketMonitor_cc.o)
 .text.PAL_Tcp_isValidSocket
                0x0001ff78       0x24 ./../Platform/ServalPAL_WiFi/release/libServalPalWifi_efm32.a(PAL_socketMonitor_cc.o)
                0x0001ff78                PAL_Tcp_isValidSocket
 .text.PAL_Tcp_isSocketInPool
                0x0001ff9c       0xa8 ./../Platform/ServalPAL_WiFi/release/libServalPalWifi_efm32.a(PAL_socketMonitor_cc.o)
                0x0001ff9c                PAL_Tcp_isSocketInPool
 .text.PAL_getInvalidTCPSocket
                0x00020044       0x10 ./../Platform/ServalPAL_WiFi/release/libServalPalWifi_efm32.a(PAL_socketMonitor_cc.o)
                0x00020044                PAL_getInvalidTCPSocket
 .text.PAL_socketMonitorInit
                0x00020054      0x218 ./../Platform/ServalPAL_WiFi/release/libServalPalWifi_efm32.a(PAL_socketMonitor_cc.o)
                0x00020054                PAL_socketMonitorInit
 .text.PAL_SocketMonitorEnqueue
                0x0002026c       0x54 ./../Platform/ServalPAL_WiFi/release/libServalPalWifi_efm32.a(PAL_socketMonitor_cc.o)
                0x0002026c                PAL_SocketMonitorEnqueue
 .text.PAL_queueCallBackEnQueue
                0x000202c0       0x5c ./../Platform/ServalPAL_WiFi/release/libServalPalWifi_efm32.a(PAL_socketMonitor_cc.o)
                0x000202c0                PAL_queueCallBackEnQueue
 .text.PAL_socketMonitorMapping
                0x0002031c      0x36c ./../Platform/ServalPAL_WiFi/release/libServalPalWifi_efm32.a(PAL_socketMonitor_cc.o)
                0x0002031c                PAL_socketMonitorMapping
 .text.PAL_socketMonitorDelete
                0x00020688      0x244 ./../Platform/ServalPAL_WiFi/release/libServalPalWifi_efm32.a(PAL_socketMonitor_cc.o)
                0x00020688                PAL_socketMonitorDelete
 .text.PAL_getfreePort
                0x000208cc       0x98 ./../Platform/ServalPAL_WiFi/release/libServalPalWifi_efm32.a(PAL_socketMonitor_cc.o)
                0x000208cc                PAL_getfreePort
 .text.PAL_tcpCreateNBLSocket
                0x00020964       0x88 ./../Platform/ServalPAL_WiFi/release/libServalPalWifi_efm32.a(PAL_tcp_cc.o)
                0x00020964                PAL_tcpCreateNBLSocket
 .text.PAL_bind_TCP
                0x000209ec       0x48 ./../Platform/ServalPAL_WiFi/release/libServalPalWifi_efm32.a(PAL_tcp_cc.o)
                0x000209ec                PAL_bind_TCP
 .text.Tcp_isValidSocket
                0x00020a34       0x30 ./../Platform/ServalPAL_WiFi/release/libServalPalWifi_efm32.a(PAL_tcp_cc.o)
                0x00020a34                Tcp_isValidSocket
 .text.Tcp_getInvalidSocket
                0x00020a64       0x10 ./../Platform/ServalPAL_WiFi/release/libServalPalWifi_efm32.a(PAL_tcp_cc.o)
                0x00020a64                Tcp_getInvalidSocket
 .text.Tcp_connect
                0x00020a74      0x410 ./../Platform/ServalPAL_WiFi/release/libServalPalWifi_efm32.a(PAL_tcp_cc.o)
                0x00020a74                Tcp_connect
 .text.Tcp_getSocketStatus
                0x00020e84      0x100 ./../Platform/ServalPAL_WiFi/release/libServalPalWifi_efm32.a(PAL_tcp_cc.o)
                0x00020e84                Tcp_getSocketStatus
 .text.Tcp_close
                0x00020f84      0x150 ./../Platform/ServalPAL_WiFi/release/libServalPalWifi_efm32.a(PAL_tcp_cc.o)
                0x00020f84                Tcp_close
 .text.Tcp_delete
                0x000210d4       0xc8 ./../Platform/ServalPAL_WiFi/release/libServalPalWifi_efm32.a(PAL_tcp_cc.o)
                0x000210d4                Tcp_delete
 .text.Tcp_getPeerName
                0x0002119c       0xd0 ./../Platform/ServalPAL_WiFi/release/libServalPalWifi_efm32.a(PAL_tcp_cc.o)
                0x0002119c                Tcp_getPeerName
 .text.Tcp_prepareForSending
                0x0002126c       0xf8 ./../Platform/ServalPAL_WiFi/release/libServalPalWifi_efm32.a(PAL_tcp_cc.o)
                0x0002126c                Tcp_prepareForSending
 .text.Tcp_send
                0x00021364       0xec ./../Platform/ServalPAL_WiFi/release/libServalPalWifi_efm32.a(PAL_tcp_cc.o)
                0x00021364                Tcp_send
 .text.Tcp_receive
                0x00021450       0xd0 ./../Platform/ServalPAL_WiFi/release/libServalPalWifi_efm32.a(PAL_tcp_cc.o)
                0x00021450                Tcp_receive
 .text.Tcp_retrySendingLater
                0x00021520       0x88 ./../Platform/ServalPAL_WiFi/release/libServalPalWifi_efm32.a(PAL_tcp_cc.o)
                0x00021520                Tcp_retrySendingLater
 .text.PAL_timerCallback
                0x000215a8       0x4c ./../Platform/ServalPAL_WiFi/release/libServalPalWifi_efm32.a(PAL_timerRTOS_cc.o)
                0x000215a8                PAL_timerCallback
 .text.Timer_init
                0x000215f4       0xac ./../Platform/ServalPAL_WiFi/release/libServalPalWifi_efm32.a(PAL_timerRTOS_cc.o)
                0x000215f4                Timer_init
 .text.Timer_config
                0x000216a0      0x11c ./../Platform/ServalPAL_WiFi/release/libServalPalWifi_efm32.a(PAL_timerRTOS_cc.o)
                0x000216a0                Timer_config
 .text.Timer_start
                0x000217bc       0x58 ./../Platform/ServalPAL_WiFi/release/libServalPalWifi_efm32.a(PAL_timerRTOS_cc.o)
                0x000217bc                Timer_start
 .text.Timer_stop
                0x00021814       0x50 ./../Platform/ServalPAL_WiFi/release/libServalPalWifi_efm32.a(PAL_timerRTOS_cc.o)
                0x00021814                Timer_stop
 .text.Timer_isActive
                0x00021864       0x28 ./../Platform/ServalPAL_WiFi/release/libServalPalWifi_efm32.a(PAL_timerRTOS_cc.o)
                0x00021864                Timer_isActive
 .text.Retcode_getPackage
                0x0002188c       0x1c ./../Platform/Sensors/debug/libSensors_efm32_debug.a(Accelerometer.o)
 .text.bma2x2LibErrorMapping
                0x000218a8       0x48 ./../Platform/Sensors/debug/libSensors_efm32_debug.a(Accelerometer.o)
 .text.bmi160LibErrorMapping
                0x000218f0       0x48 ./../Platform/Sensors/debug/libSensors_efm32_debug.a(Accelerometer.o)
 .text.Accelerometer_init
                0x00021938       0xd0 ./../Platform/Sensors/debug/libSensors_efm32_debug.a(Accelerometer.o)
                0x00021938                Accelerometer_init
 .text.Accelerometer_readXyzLsbValue
                0x00021a08      0x1a4 ./../Platform/Sensors/debug/libSensors_efm32_debug.a(Accelerometer.o)
                0x00021a08                Accelerometer_readXyzLsbValue
 .text.Retcode_getPackage
                0x00021bac       0x1c ./../Platform/Sensors/debug/libSensors_efm32_debug.a(LightSensor.o)
 .text.LightSensor_init
                0x00021bc8       0xa4 ./../Platform/Sensors/debug/libSensors_efm32_debug.a(LightSensor.o)
                0x00021bc8                LightSensor_init
 .text.LightSensor_readRawData